Archive member included to satisfy reference by file (symbol)

c:/program files (x86)/atmel/studio/7.0/toolchain/arm/arm-gnu-toolchain/bin/../lib/gcc/arm-none-eabi/6.3.1/thumb/v6-m\libgcc.a(_arm_cmpsf2.o)
                              _src/source/timers.o (__aeabi_fcmpge)
c:/program files (x86)/atmel/studio/7.0/toolchain/arm/arm-gnu-toolchain/bin/../lib/gcc/arm-none-eabi/6.3.1/thumb/v6-m\libgcc.a(_aeabi_uldivmod.o)
                              hpl/sercom/hpl_sercom.o (__aeabi_uldivmod)
c:/program files (x86)/atmel/studio/7.0/toolchain/arm/arm-gnu-toolchain/bin/../lib/gcc/arm-none-eabi/6.3.1/thumb/v6-m\libgcc.a(_muldi3.o)
                              hpl/sercom/hpl_sercom.o (__aeabi_lmul)
c:/program files (x86)/atmel/studio/7.0/toolchain/arm/arm-gnu-toolchain/bin/../lib/gcc/arm-none-eabi/6.3.1/thumb/v6-m\libgcc.a(_ffssi2.o)
                              hpl/eic/hpl_eic.o (__ffssi2)
c:/program files (x86)/atmel/studio/7.0/toolchain/arm/arm-gnu-toolchain/bin/../lib/gcc/arm-none-eabi/6.3.1/thumb/v6-m\libgcc.a(_fixunssfsi.o)
                              _src/source/timers.o (__aeabi_f2uiz)
c:/program files (x86)/atmel/studio/7.0/toolchain/arm/arm-gnu-toolchain/bin/../lib/gcc/arm-none-eabi/6.3.1/thumb/v6-m\libgcc.a(_fixunsdfsi.o)
                              hpl/sercom/hpl_sercom.o (__aeabi_d2uiz)
c:/program files (x86)/atmel/studio/7.0/toolchain/arm/arm-gnu-toolchain/bin/../lib/gcc/arm-none-eabi/6.3.1/thumb/v6-m\libgcc.a(_udivmoddi4.o)
                              c:/program files (x86)/atmel/studio/7.0/toolchain/arm/arm-gnu-toolchain/bin/../lib/gcc/arm-none-eabi/6.3.1/thumb/v6-m\libgcc.a(_aeabi_uldivmod.o) (__udivmoddi4)
c:/program files (x86)/atmel/studio/7.0/toolchain/arm/arm-gnu-toolchain/bin/../lib/gcc/arm-none-eabi/6.3.1/thumb/v6-m\libgcc.a(eqsf2.o)
                              c:/program files (x86)/atmel/studio/7.0/toolchain/arm/arm-gnu-toolchain/bin/../lib/gcc/arm-none-eabi/6.3.1/thumb/v6-m\libgcc.a(_arm_cmpsf2.o) (__eqsf2)
c:/program files (x86)/atmel/studio/7.0/toolchain/arm/arm-gnu-toolchain/bin/../lib/gcc/arm-none-eabi/6.3.1/thumb/v6-m\libgcc.a(gesf2.o)
                              c:/program files (x86)/atmel/studio/7.0/toolchain/arm/arm-gnu-toolchain/bin/../lib/gcc/arm-none-eabi/6.3.1/thumb/v6-m\libgcc.a(_arm_cmpsf2.o) (__gesf2)
c:/program files (x86)/atmel/studio/7.0/toolchain/arm/arm-gnu-toolchain/bin/../lib/gcc/arm-none-eabi/6.3.1/thumb/v6-m\libgcc.a(lesf2.o)
                              c:/program files (x86)/atmel/studio/7.0/toolchain/arm/arm-gnu-toolchain/bin/../lib/gcc/arm-none-eabi/6.3.1/thumb/v6-m\libgcc.a(_arm_cmpsf2.o) (__lesf2)
c:/program files (x86)/atmel/studio/7.0/toolchain/arm/arm-gnu-toolchain/bin/../lib/gcc/arm-none-eabi/6.3.1/thumb/v6-m\libgcc.a(subsf3.o)
                              c:/program files (x86)/atmel/studio/7.0/toolchain/arm/arm-gnu-toolchain/bin/../lib/gcc/arm-none-eabi/6.3.1/thumb/v6-m\libgcc.a(_fixunssfsi.o) (__aeabi_fsub)
c:/program files (x86)/atmel/studio/7.0/toolchain/arm/arm-gnu-toolchain/bin/../lib/gcc/arm-none-eabi/6.3.1/thumb/v6-m\libgcc.a(fixsfsi.o)
                              c:/program files (x86)/atmel/studio/7.0/toolchain/arm/arm-gnu-toolchain/bin/../lib/gcc/arm-none-eabi/6.3.1/thumb/v6-m\libgcc.a(_fixunssfsi.o) (__aeabi_f2iz)
c:/program files (x86)/atmel/studio/7.0/toolchain/arm/arm-gnu-toolchain/bin/../lib/gcc/arm-none-eabi/6.3.1/thumb/v6-m\libgcc.a(divdf3.o)
                              hpl/sercom/hpl_sercom.o (__aeabi_ddiv)
c:/program files (x86)/atmel/studio/7.0/toolchain/arm/arm-gnu-toolchain/bin/../lib/gcc/arm-none-eabi/6.3.1/thumb/v6-m\libgcc.a(muldf3.o)
                              hpl/sercom/hpl_sercom.o (__aeabi_dmul)
c:/program files (x86)/atmel/studio/7.0/toolchain/arm/arm-gnu-toolchain/bin/../lib/gcc/arm-none-eabi/6.3.1/thumb/v6-m\libgcc.a(subdf3.o)
                              hpl/sercom/hpl_sercom.o (__aeabi_dsub)
c:/program files (x86)/atmel/studio/7.0/toolchain/arm/arm-gnu-toolchain/bin/../lib/gcc/arm-none-eabi/6.3.1/thumb/v6-m\libgcc.a(fixdfsi.o)
                              c:/program files (x86)/atmel/studio/7.0/toolchain/arm/arm-gnu-toolchain/bin/../lib/gcc/arm-none-eabi/6.3.1/thumb/v6-m\libgcc.a(_fixunsdfsi.o) (__aeabi_d2iz)
c:/program files (x86)/atmel/studio/7.0/toolchain/arm/arm-gnu-toolchain/bin/../lib/gcc/arm-none-eabi/6.3.1/thumb/v6-m\libgcc.a(floatsidf.o)
                              hpl/sercom/hpl_sercom.o (__aeabi_i2d)
c:/program files (x86)/atmel/studio/7.0/toolchain/arm/arm-gnu-toolchain/bin/../lib/gcc/arm-none-eabi/6.3.1/thumb/v6-m\libgcc.a(floatunsidf.o)
                              hpl/sercom/hpl_sercom.o (__aeabi_ui2d)
c:/program files (x86)/atmel/studio/7.0/toolchain/arm/arm-gnu-toolchain/bin/../lib/gcc/arm-none-eabi/6.3.1/thumb/v6-m\libgcc.a(extendsfdf2.o)
                              _src/source/timers.o (__aeabi_f2d)
[...]
Memory Configuration

Name             Origin             Length             Attributes
rom              0x00000000         0x00040000         xr
ram              0x20000000         0x00008000         xrw
*default*        0x00000000         0xffffffff

Linker script and memory map

LOAD c:/program files (x86)/atmel/studio/7.0/toolchain/arm/arm-gnu-toolchain/bin/../lib/gcc/arm-none-eabi/6.3.1/thumb/v6-m/crti.o
LOAD c:/program files (x86)/atmel/studio/7.0/toolchain/arm/arm-gnu-toolchain/bin/../lib/gcc/arm-none-eabi/6.3.1/thumb/v6-m/crtbegin.o
LOAD c:/program files (x86)/atmel/studio/7.0/toolchain/arm/arm-gnu-toolchain/bin/../lib/gcc/arm-none-eabi/6.3.1/../../../../arm-none-eabi/lib/thumb/v6-m/crt0.o
LOAD atmel_start.o
LOAD data_structures/array.o
LOAD data_structures/queue.o
LOAD Device_Startup/startup_samc21.o
LOAD Device_Startup/system_samc21.o
LOAD driver_init.o
LOAD examples/driver_examples.o
LOAD hal/src/hal_atomic.o
LOAD hal/src/hal_delay.o
LOAD hal/src/hal_ext_irq.o
LOAD hal/src/hal_gpio.o
LOAD hal/src/hal_i2c_m_sync.o
LOAD hal/src/hal_init.o
LOAD hal/src/hal_io.o
LOAD hal/src/hal_sleep.o
LOAD hal/src/hal_timer.o
LOAD hal/src/hal_usart_sync.o
LOAD hal/utils/src/utils_assert.o
LOAD hal/utils/src/utils_event.o
LOAD hal/utils/src/utils_list.o
LOAD hal/utils/src/utils_syscalls.o
LOAD hpl/core/hpl_core_m0plus_base.o
LOAD hpl/core/hpl_init.o
LOAD hpl/divas/hpl_divas.o
LOAD hpl/dmac/hpl_dmac.o
LOAD hpl/eic/hpl_eic.o
LOAD hpl/gclk/hpl_gclk.o
LOAD hpl/mclk/hpl_mclk.o
LOAD hpl/osc32kctrl/hpl_osc32kctrl.o
LOAD hpl/oscctrl/hpl_oscctrl.o
LOAD hpl/pm/hpl_pm.o
LOAD hpl/sercom/hpl_sercom.o
LOAD hpl/systick/hpl_systick.o
LOAD hpl/tc/hpl_tc.o
LOAD main.o
LOAD _src/source/band.o
LOAD _src/source/i2c.o
LOAD _src/source/interrupts.o
LOAD _src/source/messages.o
LOAD _src/source/modes.o
LOAD _src/source/motor.o
LOAD _src/source/timers.o
START GROUP
LOAD c:/program files (x86)/atmel/studio/7.0/toolchain/arm/arm-gnu-toolchain/bin/../lib/gcc/arm-none-eabi/6.3.1/../../../../arm-none-eabi/lib/thumb/v6-m\libm.a
END GROUP
START GROUP
LOAD c:/program files (x86)/atmel/studio/7.0/toolchain/arm/arm-gnu-toolchain/bin/../lib/gcc/arm-none-eabi/6.3.1/thumb/v6-m\libgcc.a
LOAD c:/program files (x86)/atmel/studio/7.0/toolchain/arm/arm-gnu-toolchain/bin/../lib/gcc/arm-none-eabi/6.3.1/../../../../arm-none-eabi/lib/thumb/v6-m\libc.a
END GROUP
LOAD c:/program files (x86)/atmel/studio/7.0/toolchain/arm/arm-gnu-toolchain/bin/../lib/gcc/arm-none-eabi/6.3.1/thumb/v6-m/crtend.o
LOAD c:/program files (x86)/atmel/studio/7.0/toolchain/arm/arm-gnu-toolchain/bin/../lib/gcc/arm-none-eabi/6.3.1/thumb/v6-m/crtn.o
                0x00002000                STACK_SIZE = DEFINED (STACK_SIZE)?STACK_SIZE:DEFINED (__stack_size__)?__stack_size__:0x2000

.text           0x00000000     0x5948
                0x00000000                . = ALIGN (0x4)
                0x00000000                _sfixed = .
 *(.vectors .vectors.*)
 .vectors       0x00000000       0xbc Device_Startup/startup_samc21.o
                0x00000000                exception_table
 *(.text .text.* .gnu.linkonce.t.*)
 .text          0x000000bc       0x60 c:/program files (x86)/atmel/studio/7.0/toolchain/arm/arm-gnu-toolchain/bin/../lib/gcc/arm-none-eabi/6.3.1/thumb/v6-m/crtbegin.o
 .text.atmel_start_init
                0x0000011c        0xc atmel_start.o
                0x0000011c                atmel_start_init
 .text.QUE_GrowCapacity
                0x00000128       0x8c data_structures/queue.o
 .text.QUE_InitQueue
                0x000001b4       0x30 data_structures/queue.o
                0x000001b4                QUE_InitQueue
 .text.QUE_Enqueue
                0x000001e4       0x4c data_structures/queue.o
                0x000001e4                QUE_Enqueue
 .text.QUE_Dequeue
                0x00000230       0x40 data_structures/queue.o
                0x00000230                QUE_Dequeue
 .text.Dummy_Handler
                0x00000270        0x2 Device_Startup/startup_samc21.o
                0x00000270                DMAC_Handler
                0x00000270                HardFault_Handler
                0x00000270                AC_Handler
                0x00000270                SysTick_Handler
                0x00000270                PendSV_Handler
                0x00000270                NMI_Handler
                0x00000270                TCC1_Handler
                0x00000270                SERCOM2_Handler
                0x00000270                TCC0_Handler
                0x00000270                RTC_Handler
                0x00000270                ADC1_Handler
                0x00000270                WDT_Handler
                0x00000270                CAN0_Handler
                0x00000270                TC3_Handler
                0x00000270                SDADC_Handler
                0x00000270                Dummy_Handler
                0x00000270                SERCOM5_Handler
                0x00000270                INT10_Handler
                0x00000270                CAN1_Handler
                0x00000270                ADC0_Handler
                0x00000270                TSENS_Handler
                0x00000270                SVC_Handler
                0x00000270                TCC2_Handler
                0x00000270                EVSYS_Handler
                0x00000270                SERCOM3_Handler
                0x00000270                SERCOM4_Handler
                0x00000270                NVMCTRL_Handler
                0x00000270                SYSTEM_Handler
                0x00000270                DAC_Handler
                0x00000270                PTC_Handler
                0x00000270                INT9_Handler
                0x00000270                FREQM_Handler
 *fill*         0x00000272        0x2 
 .text.Reset_Handler
                0x00000274       0x88 Device_Startup/startup_samc21.o
                0x00000274                Reset_Handler
 .text.EXTINT_init
                0x000002fc       0xb0 driver_init.o
                0x000002fc                EXTINT_init
 .text.I2C_PORT_init
                0x000003ac       0x4c driver_init.o
                0x000003ac                I2C_PORT_init
 .text.I2C_CLOCK_init
                0x000003f8       0x24 driver_init.o
                0x000003f8                I2C_CLOCK_init
 .text.I2C_init
                0x0000041c       0x28 driver_init.o
                0x0000041c                I2C_init
 .text.USART_PORT_init
                0x00000444       0xa8 driver_init.o
                0x00000444                USART_PORT_init
 .text.USART_CLOCK_init
                0x000004ec       0x20 driver_init.o
                0x000004ec                USART_CLOCK_init
 .text.USART_init
                0x0000050c       0x2c driver_init.o
                0x0000050c                USART_init
 .text.delay_driver_init
                0x00000538       0x14 driver_init.o
                0x00000538                delay_driver_init
 .text.system_init
                0x0000054c      0x21c driver_init.o
                0x0000054c                system_init
 .text.atomic_enter_critical
                0x00000768        0xe hal/src/hal_atomic.o
                0x00000768                atomic_enter_critical
 .text.atomic_leave_critical
                0x00000776        0xc hal/src/hal_atomic.o
                0x00000776                atomic_leave_critical
 *fill*         0x00000782        0x2 
 .text.delay_init
                0x00000784       0x14 hal/src/hal_delay.o
                0x00000784                delay_init
 .text.delay_ms
                0x00000798       0x20 hal/src/hal_delay.o
                0x00000798                delay_ms
 .text.process_ext_irq
                0x000007b8       0x54 hal/src/hal_ext_irq.o
 .text.ext_irq_init
                0x0000080c       0x28 hal/src/hal_ext_irq.o
                0x0000080c                ext_irq_init
 .text.ext_irq_register
                0x00000834       0xb8 hal/src/hal_ext_irq.o
                0x00000834                ext_irq_register
 .text.ext_irq_enable
                0x000008ec       0x10 hal/src/hal_ext_irq.o
                0x000008ec                ext_irq_enable
 .text.ext_irq_disable
                0x000008fc       0x10 hal/src/hal_ext_irq.o
                0x000008fc                ext_irq_disable
 .text.i2c_m_sync_write
                0x0000090c       0x30 hal/src/hal_i2c_m_sync.o
 .text.i2c_m_sync_read
                0x0000093c       0x30 hal/src/hal_i2c_m_sync.o
 .text.i2c_m_sync_init
                0x0000096c       0x40 hal/src/hal_i2c_m_sync.o
                0x0000096c                i2c_m_sync_init
 .text.i2c_m_sync_enable
                0x000009ac        0xc hal/src/hal_i2c_m_sync.o
                0x000009ac                i2c_m_sync_enable
 .text.i2c_m_sync_set_slaveaddr
                0x000009b8       0x12 hal/src/hal_i2c_m_sync.o
                0x000009b8                i2c_m_sync_set_slaveaddr
 *fill*         0x000009ca        0x2 
 .text.i2c_m_sync_cmd_write
                0x000009cc       0x48 hal/src/hal_i2c_m_sync.o
                0x000009cc                i2c_m_sync_cmd_write
 .text.i2c_m_sync_get_io_descriptor
                0x00000a14        0x8 hal/src/hal_i2c_m_sync.o
                0x00000a14                i2c_m_sync_get_io_descriptor
 .text.timer_add_timer_task
                0x00000a1c       0x70 hal/src/hal_timer.o
 .text.timer_process_counted
                0x00000a8c       0x8c hal/src/hal_timer.o
 .text.timer_init
                0x00000b18       0x44 hal/src/hal_timer.o
                0x00000b18                timer_init
 .text.timer_start
                0x00000b5c       0x3c hal/src/hal_timer.o
                0x00000b5c                timer_start
 .text.timer_stop
                0x00000b98       0x3c hal/src/hal_timer.o
                0x00000b98                timer_stop
 .text.timer_set_clock_cycles_per_tick
                0x00000bd4       0x2c hal/src/hal_timer.o
                0x00000bd4                timer_set_clock_cycles_per_tick
 .text.timer_add_task
                0x00000c00       0xac hal/src/hal_timer.o
                0x00000c00                timer_add_task
 .text.usart_sync_write
                0x00000cac       0x7c hal/src/hal_usart_sync.o
 .text.usart_sync_read
                0x00000d28       0x68 hal/src/hal_usart_sync.o
 .text.usart_sync_init
                0x00000d90       0x4c hal/src/hal_usart_sync.o
                0x00000d90                usart_sync_init
 .text.assert   0x00000ddc        0x8 hal/utils/src/utils_assert.o
                0x00000ddc                assert
 .text.is_list_element
                0x00000de4       0x24 hal/utils/src/utils_list.o
                0x00000de4                is_list_element
 .text.list_insert_as_head
                0x00000e08       0x2c hal/utils/src/utils_list.o
                0x00000e08                list_insert_as_head
 .text.list_insert_after
                0x00000e34        0x8 hal/utils/src/utils_list.o
                0x00000e34                list_insert_after
 .text.list_remove_head
                0x00000e3c        0xe hal/utils/src/utils_list.o
                0x00000e3c                list_remove_head
 *fill*         0x00000e4a        0x2 
 .text._sbrk    0x00000e4c       0x24 hal/utils/src/utils_syscalls.o
                0x00000e4c                _sbrk
 .text._go_to_sleep
                0x00000e70        0x8 hpl/core/hpl_core_m0plus_base.o
                0x00000e70                _go_to_sleep
 .text._irq_set
                0x00000e78       0x1c hpl/core/hpl_core_m0plus_base.o
                0x00000e78                _irq_set
 .text._get_cycles_for_ms
                0x00000e94        0x8 hpl/core/hpl_core_m0plus_base.o
                0x00000e94                _get_cycles_for_ms
 .text._init_chip
                0x00000e9c       0x40 hpl/core/hpl_init.o
                0x00000e9c                _init_chip
 .text._div_init
                0x00000edc        0xe hpl/divas/hpl_divas.o
                0x00000edc                _div_init
 .text.__aeabi_uidiv
                0x00000eea       0x34 hpl/divas/hpl_divas.o
                0x00000eea                __aeabi_uidiv
 *fill*         0x00000f1e        0x2 
 .text.__aeabi_uidivmod
                0x00000f20       0x38 hpl/divas/hpl_divas.o
                0x00000f20                __aeabi_uidivmod
 .text._ext_irq_init
                0x00000f58       0xb0 hpl/eic/hpl_eic.o
                0x00000f58                _ext_irq_init
 .text._ext_irq_enable
                0x00001008       0x48 hpl/eic/hpl_eic.o
                0x00001008                _ext_irq_enable
 .text.EIC_Handler
                0x00001050       0xe0 hpl/eic/hpl_eic.o
                0x00001050                EIC_Handler
 .text._gclk_init_generators_by_fref
                0x00001130       0x14 hpl/gclk/hpl_gclk.o
                0x00001130                _gclk_init_generators_by_fref
 .text._mclk_init
                0x00001144        0xc hpl/mclk/hpl_mclk.o
                0x00001144                _mclk_init
 .text._osc32kctrl_init_sources
                0x00001150       0x18 hpl/osc32kctrl/hpl_osc32kctrl.o
                0x00001150                _osc32kctrl_init_sources
 .text._oscctrl_init_sources
                0x00001168       0x2c hpl/oscctrl/hpl_oscctrl.o
                0x00001168                _oscctrl_init_sources
 .text._oscctrl_init_referenced_generators
                0x00001194        0x2 hpl/oscctrl/hpl_oscctrl.o
                0x00001194                _oscctrl_init_referenced_generators
 *fill*         0x00001196        0x2 
 .text._sercom_get_hardware_index
                0x00001198       0x3c hpl/sercom/hpl_sercom.o
 .text._usart_init
                0x000011d4       0x74 hpl/sercom/hpl_sercom.o
 .text._get_i2cm_index
                0x00001248       0x30 hpl/sercom/hpl_sercom.o
 .text._i2c_m_sync_init_impl
                0x00001278       0xa4 hpl/sercom/hpl_sercom.o
 .text._usart_sync_init
                0x0000131c       0x2c hpl/sercom/hpl_sercom.o
                0x0000131c                _usart_sync_init
 .text._usart_sync_write_byte
                0x00001348        0x8 hpl/sercom/hpl_sercom.o
                0x00001348                _usart_sync_write_byte
 .text._usart_sync_read_byte
                0x00001350        0x8 hpl/sercom/hpl_sercom.o
                0x00001350                _usart_sync_read_byte
 .text._usart_sync_is_ready_to_send
                0x00001358        0xa hpl/sercom/hpl_sercom.o
                0x00001358                _usart_sync_is_ready_to_send
 .text._usart_sync_is_transmit_done
                0x00001362        0xa hpl/sercom/hpl_sercom.o
                0x00001362                _usart_sync_is_transmit_done
 .text._usart_sync_is_byte_received
                0x0000136c        0xa hpl/sercom/hpl_sercom.o
                0x0000136c                _usart_sync_is_byte_received
 *fill*         0x00001376        0x2 
 .text._i2c_m_sync_init
                0x00001378       0x30 hpl/sercom/hpl_sercom.o
                0x00001378                _i2c_m_sync_init
 .text._i2c_m_sync_enable
                0x000013a8       0x74 hpl/sercom/hpl_sercom.o
                0x000013a8                _i2c_m_sync_enable
 .text._i2c_m_sync_transfer
                0x0000141c      0x47c hpl/sercom/hpl_sercom.o
                0x0000141c                _i2c_m_sync_transfer
 .text._delay_init
                0x00001898       0x14 hpl/systick/hpl_systick.o
                0x00001898                _delay_init
 .text._delay_cycles
                0x000018ac       0x54 hpl/systick/hpl_systick.o
                0x000018ac                _delay_cycles
 .text.tc_interrupt_handler
                0x00001900       0x16 hpl/tc/hpl_tc.o
 *fill*         0x00001916        0x2 
 .text.get_tc_index
                0x00001918       0x84 hpl/tc/hpl_tc.o
 .text._timer_init
                0x0000199c      0x170 hpl/tc/hpl_tc.o
                0x0000199c                _timer_init
 .text._timer_start
                0x00001b0c       0x14 hpl/tc/hpl_tc.o
                0x00001b0c                _timer_start
 .text._timer_stop
                0x00001b20       0x14 hpl/tc/hpl_tc.o
                0x00001b20                _timer_stop
 .text._timer_set_period
                0x00001b34       0x2e hpl/tc/hpl_tc.o
                0x00001b34                _timer_set_period
 .text._timer_is_started
                0x00001b62       0x12 hpl/tc/hpl_tc.o
                0x00001b62                _timer_is_started
 .text._tc_get_timer
                0x00001b74        0x4 hpl/tc/hpl_tc.o
                0x00001b74                _tc_get_timer
 .text._timer_set_irq
                0x00001b78       0x40 hpl/tc/hpl_tc.o
                0x00001b78                _timer_set_irq
 .text.INT20_Handler
                0x00001bb8       0x14 hpl/tc/hpl_tc.o
                0x00001bb8                INT20_Handler
 .text.INT22_Handler
                0x00001bcc       0x14 hpl/tc/hpl_tc.o
                0x00001bcc                INT22_Handler
 .text.TC4_Handler
                0x00001be0       0x14 hpl/tc/hpl_tc.o
                0x00001be0                TC4_Handler
 .text.INT21_Handler
                0x00001bf4       0x14 hpl/tc/hpl_tc.o
                0x00001bf4                INT21_Handler
 .text.Init     0x00001c08      0x13c main.o
                0x00001c08                Init
 .text.main     0x00001d44       0x14 main.o
                0x00001d44                main
 .text.HandleUpdates
                0x00001d58       0x58 _src/source/band.o
                0x00001d58                HandleUpdates
 .text.BandMain
                0x00001db0       0x60 _src/source/band.o
                0x00001db0                BandMain
 .text.ForceBreakAway
                0x00001e10        0x2 _src/source/band.o
                0x00001e10                ForceBreakAway
 *fill*         0x00001e12        0x2 
 .text.LEDEnqueue
                0x00001e14       0x98 _src/source/band.o
                0x00001e14                LEDEnqueue
 .text.LEDClearQueue
                0x00001eac       0x24 _src/source/band.o
                0x00001eac                LEDClearQueue
 .text.LEDDelay
                0x00001ed0       0x5c _src/source/band.o
                0x00001ed0                LEDDelay
 .text.InitI2C  0x00001f2c       0x34 _src/source/i2c.o
                0x00001f2c                InitI2C
 .text.WriteReg
                0x00001f60       0x38 _src/source/i2c.o
                0x00001f60                WriteReg
 .text.ISR_Button
                0x00001f98       0x8c _src/source/interrupts.o
                0x00001f98                ISR_Button
 .text.ISR_Accelerometer
                0x00002024       0x50 _src/source/interrupts.o
                0x00002024                ISR_Accelerometer
 .text.InitInterrupts
                0x00002074       0x20 _src/source/interrupts.o
                0x00002074                InitInterrupts
 .text.InitEvents
                0x00002094       0x30 _src/source/messages.o
                0x00002094                InitEvents
 .text.HandleEvents
                0x000020c4      0x210 _src/source/messages.o
                0x000020c4                HandleEvents
 .text.UpdateDisplay
                0x000022d4       0xd4 _src/source/modes.o
                0x000022d4                UpdateDisplay
 .text.InitDisplay
                0x000023a8       0x78 _src/source/modes.o
                0x000023a8                InitDisplay
 .text.EventDisplay
                0x00002420       0x88 _src/source/modes.o
                0x00002420                EventDisplay
 .text.CloseDisplay
                0x000024a8       0x50 _src/source/modes.o
                0x000024a8                CloseDisplay
 .text.InitNormal
                0x000024f8       0x38 _src/source/modes.o
                0x000024f8                InitNormal
 .text.UpdateNormal
                0x00002530        0x2 _src/source/modes.o
                0x00002530                UpdateNormal
 *fill*         0x00002532        0x2 
 .text.EventNormal
                0x00002534       0x10 _src/source/modes.o
                0x00002534                EventNormal
 .text.CloseNormal
                0x00002544       0x14 _src/source/modes.o
                0x00002544                CloseNormal
 .text.InitConnecting
                0x00002558       0x5c _src/source/modes.o
                0x00002558                InitConnecting
 .text.UpdateConnecting
                0x000025b4       0x88 _src/source/modes.o
                0x000025b4                UpdateConnecting
 .text.CloseConnecting
                0x0000263c       0x50 _src/source/modes.o
                0x0000263c                CloseConnecting
 .text.InitDisconnecting
                0x0000268c       0x68 _src/source/modes.o
                0x0000268c                InitDisconnecting
 .text.UpdateDisconnecting
                0x000026f4       0xb8 _src/source/modes.o
                0x000026f4                UpdateDisconnecting
 .text.EventDisconnecting
                0x000027ac       0x38 _src/source/modes.o
                0x000027ac                EventDisconnecting
 .text.CloseDisconnecting
                0x000027e4       0x4c _src/source/modes.o
                0x000027e4                CloseDisconnecting
 .text.EventLowPower
                0x00002830       0x30 _src/source/modes.o
                0x00002830                EventLowPower
 .text.CloseLowPower
                0x00002860       0x24 _src/source/modes.o
                0x00002860                CloseLowPower
 .text.InitSleep
                0x00002884       0x6c _src/source/modes.o
                0x00002884                InitSleep
 .text.UpdateLowPower
                0x000028f0       0xa0 _src/source/modes.o
                0x000028f0                UpdateLowPower
 .text.UpdateSleep
                0x00002990        0x2 _src/source/modes.o
                0x00002990                UpdateSleep
 *fill*         0x00002992        0x2 
 .text.CloseSleep
                0x00002994       0x40 _src/source/modes.o
                0x00002994                CloseSleep
 .text.EventSleep
                0x000029d4       0x20 _src/source/modes.o
                0x000029d4                EventSleep
 .text.MotorEnqueue
                0x000029f4       0x9c _src/source/motor.o
                0x000029f4                MotorEnqueue
 .text.MotorIsIdle
                0x00002a90       0x2c _src/source/motor.o
                0x00002a90                MotorIsIdle
 .text.ISR_Queue
                0x00002abc      0x148 _src/source/timers.o
                0x00002abc                ISR_Queue
 .text.GetTimerOfTask
                0x00002c04       0x3c _src/source/timers.o
                0x00002c04                GetTimerOfTask
 .text.GetDurationOfTimer
                0x00002c40       0x40 _src/source/timers.o
                0x00002c40                GetDurationOfTimer
 .text.GetDurationOfTask
                0x00002c80       0x40 _src/source/timers.o
                0x00002c80                GetDurationOfTask
 .text.ISR_Timer
                0x00002cc0       0xd8 _src/source/timers.o
                0x00002cc0                ISR_Timer
 .text.ConfigTimer
                0x00002d98       0x78 _src/source/timers.o
                0x00002d98                ConfigTimer
 .text.InitTimers
                0x00002e10      0x1bc _src/source/timers.o
                0x00002e10                InitTimers
 .text          0x00002fcc       0x74 c:/program files (x86)/atmel/studio/7.0/toolchain/arm/arm-gnu-toolchain/bin/../lib/gcc/arm-none-eabi/6.3.1/thumb/v6-m\libgcc.a(_arm_cmpsf2.o)
                0x00002fcc                __aeabi_cfrcmple
                0x00002fd4                __aeabi_cfcmpeq
                0x00002fd4                __aeabi_cfcmple
                0x00002fe4                __aeabi_fcmpeq
                0x00002ff0                __aeabi_fcmplt
                0x00003004                __aeabi_fcmple
                0x00003018                __aeabi_fcmpgt
                0x0000302c                __aeabi_fcmpge
 .text          0x00003040       0x14 c:/program files (x86)/atmel/studio/7.0/toolchain/arm/arm-gnu-toolchain/bin/../lib/gcc/arm-none-eabi/6.3.1/thumb/v6-m\libgcc.a(_ffssi2.o)
                0x00003040                __ffssi2
 .text          0x00003054       0x30 c:/program files (x86)/atmel/studio/7.0/toolchain/arm/arm-gnu-toolchain/bin/../lib/gcc/arm-none-eabi/6.3.1/thumb/v6-m\libgcc.a(_fixunssfsi.o)
                0x00003054                __fixunssfsi
                0x00003054                __aeabi_f2uiz
 .text          0x00003084       0x3c c:/program files (x86)/atmel/studio/7.0/toolchain/arm/arm-gnu-toolchain/bin/../lib/gcc/arm-none-eabi/6.3.1/thumb/v6-m\libgcc.a(_fixunsdfsi.o)
                0x00003084                __aeabi_d2uiz
                0x00003084                __fixunsdfsi
 .text          0x000030c0       0x4c c:/program files (x86)/atmel/studio/7.0/toolchain/arm/arm-gnu-toolchain/bin/../lib/gcc/arm-none-eabi/6.3.1/thumb/v6-m\libgcc.a(eqsf2.o)
                0x000030c0                __eqsf2
                0x000030c0                __nesf2
 .text          0x0000310c       0x80 c:/program files (x86)/atmel/studio/7.0/toolchain/arm/arm-gnu-toolchain/bin/../lib/gcc/arm-none-eabi/6.3.1/thumb/v6-m\libgcc.a(gesf2.o)
                0x0000310c                __gesf2
                0x0000310c                __gtsf2
 .text          0x0000318c       0x84 c:/program files (x86)/atmel/studio/7.0/toolchain/arm/arm-gnu-toolchain/bin/../lib/gcc/arm-none-eabi/6.3.1/thumb/v6-m\libgcc.a(lesf2.o)
                0x0000318c                __ltsf2
                0x0000318c                __lesf2
 .text          0x00003210      0x338 c:/program files (x86)/atmel/studio/7.0/toolchain/arm/arm-gnu-toolchain/bin/../lib/gcc/arm-none-eabi/6.3.1/thumb/v6-m\libgcc.a(subsf3.o)
                0x00003210                __aeabi_fsub
 .text          0x00003548       0x40 c:/program files (x86)/atmel/studio/7.0/toolchain/arm/arm-gnu-toolchain/bin/../lib/gcc/arm-none-eabi/6.3.1/thumb/v6-m\libgcc.a(fixsfsi.o)
                0x00003548                __aeabi_f2iz
 .text          0x00003588      0x668 c:/program files (x86)/atmel/studio/7.0/toolchain/arm/arm-gnu-toolchain/bin/../lib/gcc/arm-none-eabi/6.3.1/thumb/v6-m\libgcc.a(divdf3.o)
                0x00003588                __aeabi_ddiv
 .text          0x00003bf0      0x500 c:/program files (x86)/atmel/studio/7.0/toolchain/arm/arm-gnu-toolchain/bin/../lib/gcc/arm-none-eabi/6.3.1/thumb/v6-m\libgcc.a(muldf3.o)
                0x00003bf0                __aeabi_dmul
 .text          0x000040f0      0x62c c:/program files (x86)/atmel/studio/7.0/toolchain/arm/arm-gnu-toolchain/bin/../lib/gcc/arm-none-eabi/6.3.1/thumb/v6-m\libgcc.a(subdf3.o)
                0x000040f0                __aeabi_dsub
 .text          0x0000471c       0x68 c:/program files (x86)/atmel/studio/7.0/toolchain/arm/arm-gnu-toolchain/bin/../lib/gcc/arm-none-eabi/6.3.1/thumb/v6-m\libgcc.a(fixdfsi.o)
                0x0000471c                __aeabi_d2iz
 .text          0x00004784       0x70 c:/program files (x86)/atmel/studio/7.0/toolchain/arm/arm-gnu-toolchain/bin/../lib/gcc/arm-none-eabi/6.3.1/thumb/v6-m\libgcc.a(floatunsidf.o)
                0x00004784                __aeabi_ui2d
 .text          0x000047f4       0xa4 c:/program files (x86)/atmel/studio/7.0/toolchain/arm/arm-gnu-toolchain/bin/../lib/gcc/arm-none-eabi/6.3.1/thumb/v6-m\libgcc.a(extendsfdf2.o)
                0x000047f4                __aeabi_f2d
 .text          0x00004898       0x7c c:/program files (x86)/atmel/studio/7.0/toolchain/arm/arm-gnu-toolchain/bin/../lib/gcc/arm-none-eabi/6.3.1/thumb/v6-m\libgcc.a(_arm_cmpdf2.o)
                0x00004898                __aeabi_cdrcmple
                0x000048a8                __aeabi_cdcmple
                0x000048a8                __aeabi_cdcmpeq
                0x000048b8                __aeabi_dcmpeq
                0x000048c4                __aeabi_dcmplt
                0x000048d8                __aeabi_dcmple
                0x000048ec                __aeabi_dcmpgt
                0x00004900                __aeabi_dcmpge
 .text          0x00004914       0x3c c:/program files (x86)/atmel/studio/7.0/toolchain/arm/arm-gnu-toolchain/bin/../lib/gcc/arm-none-eabi/6.3.1/thumb/v6-m\libgcc.a(_clzsi2.o)
                0x00004914                __clzsi2
 .text          0x00004950       0x40 c:/program files (x86)/atmel/studio/7.0/toolchain/arm/arm-gnu-toolchain/bin/../lib/gcc/arm-none-eabi/6.3.1/thumb/v6-m\libgcc.a(_ctzsi2.o)
                0x00004950                __ctzsi2
 .text          0x00004990       0x74 c:/program files (x86)/atmel/studio/7.0/toolchain/arm/arm-gnu-toolchain/bin/../lib/gcc/arm-none-eabi/6.3.1/thumb/v6-m\libgcc.a(eqdf2.o)
                0x00004990                __nedf2
                0x00004990                __eqdf2
 .text          0x00004a04       0xc8 c:/program files (x86)/atmel/studio/7.0/toolchain/arm/arm-gnu-toolchain/bin/../lib/gcc/arm-none-eabi/6.3.1/thumb/v6-m\libgcc.a(gedf2.o)
                0x00004a04                __gedf2
                0x00004a04                __gtdf2
 .text          0x00004acc       0xc4 c:/program files (x86)/atmel/studio/7.0/toolchain/arm/arm-gnu-toolchain/bin/../lib/gcc/arm-none-eabi/6.3.1/thumb/v6-m\libgcc.a(ledf2.o)
                0x00004acc                __ledf2
                0x00004acc                __ltdf2
 .text.__libc_init_array
                0x00004b90       0x48 c:/program files (x86)/atmel/studio/7.0/toolchain/arm/arm-gnu-toolchain/bin/../lib/gcc/arm-none-eabi/6.3.1/../../../../arm-none-eabi/lib/thumb/v6-m\libc.a(lib_a-init.o)
                0x00004b90                __libc_init_array
 .text.malloc   0x00004bd8       0x14 c:/program files (x86)/atmel/studio/7.0/toolchain/arm/arm-gnu-toolchain/bin/../lib/gcc/arm-none-eabi/6.3.1/../../../../arm-none-eabi/lib/thumb/v6-m\libc.a(lib_a-malloc.o)
                0x00004bd8                malloc
 .text.free     0x00004bec       0x14 c:/program files (x86)/atmel/studio/7.0/toolchain/arm/arm-gnu-toolchain/bin/../lib/gcc/arm-none-eabi/6.3.1/../../../../arm-none-eabi/lib/thumb/v6-m\libc.a(lib_a-malloc.o)
                0x00004bec                free
 .text._malloc_r
                0x00004c00      0x568 c:/program files (x86)/atmel/studio/7.0/toolchain/arm/arm-gnu-toolchain/bin/../lib/gcc/arm-none-eabi/6.3.1/../../../../arm-none-eabi/lib/thumb/v6-m\libc.a(lib_a-mallocr.o)
                0x00004c00                _malloc_r
 .text.memcpy   0x00005168       0x84 c:/program files (x86)/atmel/studio/7.0/toolchain/arm/arm-gnu-toolchain/bin/../lib/gcc/arm-none-eabi/6.3.1/../../../../arm-none-eabi/lib/thumb/v6-m\libc.a(lib_a-memcpy-stub.o)
                0x00005168                memcpy
 .text.__malloc_lock
                0x000051ec       0x10 c:/program files (x86)/atmel/studio/7.0/toolchain/arm/arm-gnu-toolchain/bin/../lib/gcc/arm-none-eabi/6.3.1/../../../../arm-none-eabi/lib/thumb/v6-m\libc.a(lib_a-mlock.o)
                0x000051ec                __malloc_lock
 .text.__malloc_unlock
                0x000051fc       0x10 c:/program files (x86)/atmel/studio/7.0/toolchain/arm/arm-gnu-toolchain/bin/../lib/gcc/arm-none-eabi/6.3.1/../../../../arm-none-eabi/lib/thumb/v6-m\libc.a(lib_a-mlock.o)
                0x000051fc                __malloc_unlock
 .text._sbrk_r  0x0000520c       0x24 c:/program files (x86)/atmel/studio/7.0/toolchain/arm/arm-gnu-toolchain/bin/../lib/gcc/arm-none-eabi/6.3.1/../../../../arm-none-eabi/lib/thumb/v6-m\libc.a(lib_a-sbrkr.o)
                0x0000520c                _sbrk_r
 .text.startup.register_fini
                0x00005230       0x18 c:/program files (x86)/atmel/studio/7.0/toolchain/arm/arm-gnu-toolchain/bin/../lib/gcc/arm-none-eabi/6.3.1/../../../../arm-none-eabi/lib/thumb/v6-m\libc.a(lib_a-__call_atexit.o)
 .text.atexit   0x00005248       0x10 c:/program files (x86)/atmel/studio/7.0/toolchain/arm/arm-gnu-toolchain/bin/../lib/gcc/arm-none-eabi/6.3.1/../../../../arm-none-eabi/lib/thumb/v6-m\libc.a(lib_a-atexit.o)
                0x00005248                atexit
 .text.__libc_fini_array
                0x00005258       0x34 c:/program files (x86)/atmel/studio/7.0/toolchain/arm/arm-gnu-toolchain/bin/../lib/gcc/arm-none-eabi/6.3.1/../../../../arm-none-eabi/lib/thumb/v6-m\libc.a(lib_a-fini.o)
                0x00005258                __libc_fini_array
 .text._malloc_trim_r
                0x0000528c       0xa0 c:/program files (x86)/atmel/studio/7.0/toolchain/arm/arm-gnu-toolchain/bin/../lib/gcc/arm-none-eabi/6.3.1/../../../../arm-none-eabi/lib/thumb/v6-m\libc.a(lib_a-freer.o)
                0x0000528c                _malloc_trim_r
 .text._free_r  0x0000532c      0x1bc c:/program files (x86)/atmel/studio/7.0/toolchain/arm/arm-gnu-toolchain/bin/../lib/gcc/arm-none-eabi/6.3.1/../../../../arm-none-eabi/lib/thumb/v6-m\libc.a(lib_a-freer.o)
                0x0000532c                _free_r
 .text.__retarget_lock_acquire_recursive
                0x000054e8        0x4 c:/program files (x86)/atmel/studio/7.0/toolchain/arm/arm-gnu-toolchain/bin/../lib/gcc/arm-none-eabi/6.3.1/../../../../arm-none-eabi/lib/thumb/v6-m\libc.a(lib_a-lock.o)
                0x000054e8                __retarget_lock_acquire_recursive
 .text.__retarget_lock_release_recursive
                0x000054ec        0x4 c:/program files (x86)/atmel/studio/7.0/toolchain/arm/arm-gnu-toolchain/bin/../lib/gcc/arm-none-eabi/6.3.1/../../../../arm-none-eabi/lib/thumb/v6-m\libc.a(lib_a-lock.o)
                0x000054ec                __retarget_lock_release_recursive
 .text.__register_exitproc
                0x000054f0       0xf4 c:/program files (x86)/atmel/studio/7.0/toolchain/arm/arm-gnu-toolchain/bin/../lib/gcc/arm-none-eabi/6.3.1/../../../../arm-none-eabi/lib/thumb/v6-m\libc.a(lib_a-__atexit.o)
                0x000054f0                __register_exitproc
 *(.glue_7t)
 .glue_7t       0x000055e4        0x0 linker stubs
 *(.glue_7)
 .glue_7        0x000055e4        0x0 linker stubs
 *(.rodata .rodata* .gnu.linkonce.r.*)
 .rodata.str1.4
                0x000055e4       0x1c hal/src/hal_i2c_m_sync.o
 .rodata.str1.4
                0x00005600       0x17 hal/src/hal_timer.o
 *fill*         0x00005617        0x1 
 .rodata.str1.4
                0x00005618       0x1c hal/src/hal_usart_sync.o
 .rodata.str1.4
                0x00005634       0x1e hal/utils/src/utils_list.o
 *fill*         0x00005652        0x2 
 .rodata        0x00005654       0x10 hpl/eic/hpl_eic.o
 .rodata.str1.4
                0x00005664       0x15 hpl/eic/hpl_eic.o
 *fill*         0x00005679        0x3 
 .rodata        0x0000567c       0x38 hpl/sercom/hpl_sercom.o
 .rodata.str1.4
                0x000056b4       0x1b hpl/sercom/hpl_sercom.o
 *fill*         0x000056cf        0x1 
 .rodata        0x000056d0       0x70 hpl/tc/hpl_tc.o
 .rodata.str1.4
                0x00005740       0x13 hpl/tc/hpl_tc.o
 *fill*         0x00005753        0x1 
 .rodata.str1.4
                0x00005754        0xe main.o
 *fill*         0x00005762        0x2 
 .rodata        0x00005764       0x1c _src/source/band.o
 .rodata.str1.4
                0x00005780        0x3 _src/source/messages.o
 *fill*         0x00005783        0x1 
 .rodata.str1.4
                0x00005784       0x44 _src/source/modes.o
                                 0x54 (size before relaxing)
 .rodata        0x000057c8       0xd8 _src/source/motor.o
 .rodata        0x000058a0       0x40 c:/program files (x86)/atmel/studio/7.0/toolchain/arm/arm-gnu-toolchain/bin/../lib/gcc/arm-none-eabi/6.3.1/thumb/v6-m\libgcc.a(divdf3.o)
 .rodata        0x000058e0       0x40 c:/program files (x86)/atmel/studio/7.0/toolchain/arm/arm-gnu-toolchain/bin/../lib/gcc/arm-none-eabi/6.3.1/thumb/v6-m\libgcc.a(muldf3.o)
 .rodata._global_impure_ptr
                0x00005920        0x4 c:/program files (x86)/atmel/studio/7.0/toolchain/arm/arm-gnu-toolchain/bin/../lib/gcc/arm-none-eabi/6.3.1/../../../../arm-none-eabi/lib/thumb/v6-m\libc.a(lib_a-impure.o)
                0x00005920                _global_impure_ptr
 *(.ARM.extab* .gnu.linkonce.armextab.*)
                0x00005924                . = ALIGN (0x4)
 *(.init)
 .init          0x00005924        0x4 c:/program files (x86)/atmel/studio/7.0/toolchain/arm/arm-gnu-toolchain/bin/../lib/gcc/arm-none-eabi/6.3.1/thumb/v6-m/crti.o
                0x00005924                _init
 .init          0x00005928        0x8 c:/program files (x86)/atmel/studio/7.0/toolchain/arm/arm-gnu-toolchain/bin/../lib/gcc/arm-none-eabi/6.3.1/thumb/v6-m/crtn.o
                0x00005930                . = ALIGN (0x4)
                0x00005930                __preinit_array_start = .
 *(.preinit_array)
                0x00005930                __preinit_array_end = .
                0x00005930                . = ALIGN (0x4)
                0x00005930                __init_array_start = .
 *(SORT(.init_array.*))
 .init_array.00000
                0x00005930        0x4 c:/program files (x86)/atmel/studio/7.0/toolchain/arm/arm-gnu-toolchain/bin/../lib/gcc/arm-none-eabi/6.3.1/../../../../arm-none-eabi/lib/thumb/v6-m\libc.a(lib_a-__call_atexit.o)
 *(.init_array)
 .init_array    0x00005934        0x4 c:/program files (x86)/atmel/studio/7.0/toolchain/arm/arm-gnu-toolchain/bin/../lib/gcc/arm-none-eabi/6.3.1/thumb/v6-m/crtbegin.o
                0x00005938                __init_array_end = .
                0x00005938                . = ALIGN (0x4)
 *crtbegin.o(.ctors)
 *(EXCLUDE_FILE(*crtend.o) .ctors)
 *(SORT(.ctors.*))
 *crtend.o(.ctors)
                0x00005938                . = ALIGN (0x4)
 *(.fini)
 .fini          0x00005938        0x4 c:/program files (x86)/atmel/studio/7.0/toolchain/arm/arm-gnu-toolchain/bin/../lib/gcc/arm-none-eabi/6.3.1/thumb/v6-m/crti.o
                0x00005938                _fini
 .fini          0x0000593c        0x8 c:/program files (x86)/atmel/studio/7.0/toolchain/arm/arm-gnu-toolchain/bin/../lib/gcc/arm-none-eabi/6.3.1/thumb/v6-m/crtn.o
                0x00005944                . = ALIGN (0x4)
                0x00005944                __fini_array_start = .
 *(.fini_array)
 .fini_array    0x00005944        0x4 c:/program files (x86)/atmel/studio/7.0/toolchain/arm/arm-gnu-toolchain/bin/../lib/gcc/arm-none-eabi/6.3.1/thumb/v6-m/crtbegin.o
 *(SORT(.fini_array.*))
                0x00005948                __fini_array_end = .
 *crtbegin.o(.dtors)
 *(EXCLUDE_FILE(*crtend.o) .dtors)
 *(SORT(.dtors.*))
 *crtend.o(.dtors)
                0x00005948                . = ALIGN (0x4)
                0x00005948                _efixed = .
                [!provide]                PROVIDE (__exidx_start, .)

.vfp11_veneer   0x00005948        0x0
 .vfp11_veneer  0x00005948        0x0 linker stubs

.v4_bx          0x00005948        0x0
 .v4_bx         0x00005948        0x0 linker stubs

.iplt           0x00005948        0x0
 .iplt          0x00005948        0x0 c:/program files (x86)/atmel/studio/7.0/toolchain/arm/arm-gnu-toolchain/bin/../lib/gcc/arm-none-eabi/6.3.1/thumb/v6-m/crtbegin.o

.eh_frame       0x00005948        0x0
 .eh_frame      0x00005948        0x0 c:/program files (x86)/atmel/studio/7.0/toolchain/arm/arm-gnu-toolchain/bin/../lib/gcc/arm-none-eabi/6.3.1/thumb/v6-m/crtbegin.o

.rel.dyn        0x00005948        0x0
 .rel.iplt      0x00005948        0x0 c:/program files (x86)/atmel/studio/7.0/toolchain/arm/arm-gnu-toolchain/bin/../lib/gcc/arm-none-eabi/6.3.1/thumb/v6-m/crtbegin.o

.jcr            0x00005948        0x0
 .jcr           0x00005948        0x0 c:/program files (x86)/atmel/studio/7.0/toolchain/arm/arm-gnu-toolchain/bin/../lib/gcc/arm-none-eabi/6.3.1/thumb/v6-m/crtbegin.o

.igot.plt       0x00005948        0x0
 .igot.plt      0x00005948        0x0 c:/program files (x86)/atmel/studio/7.0/toolchain/arm/arm-gnu-toolchain/bin/../lib/gcc/arm-none-eabi/6.3.1/thumb/v6-m/crtbegin.o

.ARM.exidx
 *(.ARM.exidx* .gnu.linkonce.armexidx.*)
                [!provide]                PROVIDE (__exidx_end, .)
                0x00005948                . = ALIGN (0x4)
                0x00005948                _etext = .

.relocate       0x20000000      0x87c load address 0x00005948
                0x20000000                . = ALIGN (0x4)
                0x20000000                _srelocate = .
 *(.ramfunc .ramfunc.*)
 *(.data .data.*)
 .data          0x20000000       0x14 _src/source/band.o
 .data          0x20000014       0x14 _src/source/motor.o
 .data          0x20000028       0x14 _src/source/timers.o
 .data._impure_ptr
                0x2000003c        0x4 c:/program files (x86)/atmel/studio/7.0/toolchain/arm/arm-gnu-toolchain/bin/../lib/gcc/arm-none-eabi/6.3.1/../../../../arm-none-eabi/lib/thumb/v6-m\libc.a(lib_a-impure.o)
                0x2000003c                _impure_ptr
 .data.impure_data
                0x20000040      0x428 c:/program files (x86)/atmel/studio/7.0/toolchain/arm/arm-gnu-toolchain/bin/../lib/gcc/arm-none-eabi/6.3.1/../../../../arm-none-eabi/lib/thumb/v6-m\libc.a(lib_a-impure.o)
 .data.__malloc_av_
                0x20000468      0x408 c:/program files (x86)/atmel/studio/7.0/toolchain/arm/arm-gnu-toolchain/bin/../lib/gcc/arm-none-eabi/6.3.1/../../../../arm-none-eabi/lib/thumb/v6-m\libc.a(lib_a-mallocr.o)
                0x20000468                __malloc_av_
 .data.__malloc_sbrk_base
                0x20000870        0x4 c:/program files (x86)/atmel/studio/7.0/toolchain/arm/arm-gnu-toolchain/bin/../lib/gcc/arm-none-eabi/6.3.1/../../../../arm-none-eabi/lib/thumb/v6-m\libc.a(lib_a-mallocr.o)
                0x20000870                __malloc_sbrk_base
 .data.__malloc_trim_threshold
                0x20000874        0x4 c:/program files (x86)/atmel/studio/7.0/toolchain/arm/arm-gnu-toolchain/bin/../lib/gcc/arm-none-eabi/6.3.1/../../../../arm-none-eabi/lib/thumb/v6-m\libc.a(lib_a-mallocr.o)
                0x20000874                __malloc_trim_threshold
 .data.__atexit_recursive_mutex
                0x20000878        0x4 c:/program files (x86)/atmel/studio/7.0/toolchain/arm/arm-gnu-toolchain/bin/../lib/gcc/arm-none-eabi/6.3.1/../../../../arm-none-eabi/lib/thumb/v6-m\libc.a(lib_a-__call_atexit.o)
                0x20000878                __atexit_recursive_mutex
                0x2000087c                . = ALIGN (0x4)
                0x2000087c                _erelocate = .

.bss            0x2000087c      0x460 load address 0x000061c4
                0x2000087c                . = ALIGN (0x4)
                0x2000087c                _sbss = .
                0x2000087c                _szero = .
 *(.bss .bss.*)
 .bss           0x2000087c       0x1c c:/program files (x86)/atmel/studio/7.0/toolchain/arm/arm-gnu-toolchain/bin/../lib/gcc/arm-none-eabi/6.3.1/thumb/v6-m/crtbegin.o
 .bss           0x20000898        0x4 hal/src/hal_delay.o
 .bss           0x2000089c       0x10 hal/src/hal_ext_irq.o
 .bss           0x200008ac        0x4 hal/utils/src/utils_syscalls.o
 .bss           0x200008b0        0x4 hpl/eic/hpl_eic.o
 .bss           0x200008b4       0x10 hpl/tc/hpl_tc.o
 .bss           0x200008c4       0x24 _src/source/band.o
 .bss           0x200008e8       0x2c _src/source/interrupts.o
 .bss           0x20000914       0x2c _src/source/messages.o
 .bss           0x20000940       0x24 _src/source/modes.o
 .bss           0x20000964        0x8 _src/source/motor.o
 .bss           0x2000096c       0x3c _src/source/timers.o
 .bss.__malloc_current_mallinfo
                0x200009a8       0x28 c:/program files (x86)/atmel/studio/7.0/toolchain/arm/arm-gnu-toolchain/bin/../lib/gcc/arm-none-eabi/6.3.1/../../../../arm-none-eabi/lib/thumb/v6-m\libc.a(lib_a-mallocr.o)
                0x200009a8                __malloc_current_mallinfo
 .bss.__malloc_max_sbrked_mem
                0x200009d0        0x4 c:/program files (x86)/atmel/studio/7.0/toolchain/arm/arm-gnu-toolchain/bin/../lib/gcc/arm-none-eabi/6.3.1/../../../../arm-none-eabi/lib/thumb/v6-m\libc.a(lib_a-mallocr.o)
                0x200009d0                __malloc_max_sbrked_mem
 .bss.__malloc_max_total_mem
                0x200009d4        0x4 c:/program files (x86)/atmel/studio/7.0/toolchain/arm/arm-gnu-toolchain/bin/../lib/gcc/arm-none-eabi/6.3.1/../../../../arm-none-eabi/lib/thumb/v6-m\libc.a(lib_a-mallocr.o)
                0x200009d4                __malloc_max_total_mem
 .bss.__malloc_top_pad
                0x200009d8        0x4 c:/program files (x86)/atmel/studio/7.0/toolchain/arm/arm-gnu-toolchain/bin/../lib/gcc/arm-none-eabi/6.3.1/../../../../arm-none-eabi/lib/thumb/v6-m\libc.a(lib_a-mallocr.o)
                0x200009d8                __malloc_top_pad
 *(COMMON)
 COMMON         0x200009dc       0x9c driver_init.o
                0x200009dc                TIMER2
                0x200009f8                I2C
                0x20000a18                TIMER1
                0x20000a34                USART
                0x20000a40                TIMER3
                0x20000a5c                TIMER0
 COMMON         0x20000a78      0x23c main.o
                0x20000a78                task0cfg
                0x20000a7c                writeEventQueue
                0x20000a80                host
                0x20000a84                durations
                0x20000b80                task4
                0x20000ba0                task0
                0x20000bb4                MCUBusy
                0x20000bb8                eventMessageQueues
                0x20000bf8                eventQueue
                0x20000c18                readEventQueue
                0x20000c1c                MCUSkip
                0x20000c1d                button
                0x20000c20                led
                0x20000c24                bandState
                0x20000c25                connected
                0x20000c28                task1
                0x20000c3c                task2
                0x20000c50                readQueue
                0x20000c70                task2cfg
                0x20000c74                i2cMaster
                0x20000c78                task1cfg
                0x20000c7c                isHost
                0x20000c7d                bandRange
                0x20000c80                guests
                0x20000c94                task3
 COMMON         0x20000cb4       0x21 c:/program files (x86)/atmel/studio/7.0/toolchain/arm/arm-gnu-toolchain/bin/../lib/gcc/arm-none-eabi/6.3.1/../../../../arm-none-eabi/lib/thumb/v6-m\libc.a(lib_a-lock.o)
                0x20000cb4                __lock___atexit_recursive_mutex
                0x20000cb8                __lock___arc4random_mutex
                0x20000cbc                __lock___env_recursive_mutex
                0x20000cc0                __lock___sinit_recursive_mutex
                0x20000cc4                __lock___malloc_recursive_mutex
                0x20000cc8                __lock___at_quick_exit_mutex
                0x20000ccc                __lock___dd_hash_mutex
                0x20000cd0                __lock___tz_mutex
                0x20000cd4                __lock___sfp_recursive_mutex
 *fill*         0x20000cd5        0x3 
 COMMON         0x20000cd8        0x4 c:/program files (x86)/atmel/studio/7.0/toolchain/arm/arm-gnu-toolchain/bin/../lib/gcc/arm-none-eabi/6.3.1/../../../../arm-none-eabi/lib/thumb/v6-m\libc.a(lib_a-reent.o)
                0x20000cd8                errno
                0x20000cdc                . = ALIGN (0x4)
                0x20000cdc                _ebss = .
                0x20000cdc                _ezero = .

.stack          0x20000cdc     0x2004 load address 0x00006624
                0x20000ce0                . = ALIGN (0x8)
 *fill*         0x20000cdc        0x4 
                0x20000ce0                _sstack = .
                0x20002ce0                . = (. + STACK_SIZE)
 *fill*         0x20000ce0     0x2000 
                0x20002ce0                . = ALIGN (0x8)
                0x20002ce0                _estack = .
                0x20002ce0                . = ALIGN (0x4)
                0x20002ce0                _end = .
OUTPUT(Watchdog.elf elf32-littlearm)

.ARM.attributes
                0x00000000       0x28
 .ARM.attributes
                0x00000000       0x1e c:/program files (x86)/atmel/studio/7.0/toolchain/arm/arm-gnu-toolchain/bin/../lib/gcc/arm-none-eabi/6.3.1/thumb/v6-m/crti.o
 .ARM.attributes
                0x0000001e       0x2c c:/program files (x86)/atmel/studio/7.0/toolchain/arm/arm-gnu-toolchain/bin/../lib/gcc/arm-none-eabi/6.3.1/thumb/v6-m/crtbegin.o
 .ARM.attributes
                0x0000004a       0x32 atmel_start.o
 .ARM.attributes
                0x0000007c       0x32 data_structures/queue.o
 .ARM.attributes
                0x000000ae       0x32 Device_Startup/startup_samc21.o
 .ARM.attributes
                0x000000e0       0x32 driver_init.o
 .ARM.attributes
                0x00000112       0x32 hal/src/hal_atomic.o
 .ARM.attributes
                0x00000144       0x32 hal/src/hal_delay.o
 .ARM.attributes
                0x00000176       0x32 hal/src/hal_ext_irq.o
 .ARM.attributes
                0x000001a8       0x32 hal/src/hal_i2c_m_sync.o
 .ARM.attributes
                0x000001da       0x32 hal/src/hal_timer.o
 .ARM.attributes
                0x0000020c       0x32 hal/src/hal_usart_sync.o
 .ARM.attributes
                0x0000023e       0x32 hal/utils/src/utils_assert.o
 .ARM.attributes
                0x00000270       0x32 hal/utils/src/utils_list.o
 .ARM.attributes
                0x000002a2       0x32 hal/utils/src/utils_syscalls.o
 .ARM.attributes
                0x000002d4       0x32 hpl/core/hpl_core_m0plus_base.o
 .ARM.attributes
                0x00000306       0x32 hpl/core/hpl_init.o
 .ARM.attributes
                0x00000338       0x32 hpl/divas/hpl_divas.o
 .ARM.attributes
                0x0000036a       0x32 hpl/eic/hpl_eic.o
 .ARM.attributes
                0x0000039c       0x32 hpl/gclk/hpl_gclk.o
 .ARM.attributes
                0x000003ce       0x32 hpl/mclk/hpl_mclk.o
 .ARM.attributes
                0x00000400       0x32 hpl/osc32kctrl/hpl_osc32kctrl.o
 .ARM.attributes
                0x00000432       0x32 hpl/oscctrl/hpl_oscctrl.o
 .ARM.attributes
                0x00000464       0x32 hpl/sercom/hpl_sercom.o
 .ARM.attributes
                0x00000496       0x32 hpl/systick/hpl_systick.o
 .ARM.attributes
                0x000004c8       0x32 hpl/tc/hpl_tc.o
 .ARM.attributes
                0x000004fa       0x32 main.o
 .ARM.attributes
                0x0000052c       0x32 _src/source/band.o
 .ARM.attributes
                0x0000055e       0x32 _src/source/i2c.o
 .ARM.attributes
                0x00000590       0x32 _src/source/interrupts.o
 .ARM.attributes
                0x000005c2       0x32 _src/source/messages.o
 .ARM.attributes
                0x000005f4       0x32 _src/source/modes.o
 .ARM.attributes
                0x00000626       0x32 _src/source/motor.o
 .ARM.attributes
                0x00000658       0x32 _src/source/timers.o
 .ARM.attributes
                0x0000068a       0x1e c:/program files (x86)/atmel/studio/7.0/toolchain/arm/arm-gnu-toolchain/bin/../lib/gcc/arm-none-eabi/6.3.1/thumb/v6-m\libgcc.a(_arm_cmpsf2.o)
 .ARM.attributes
                0x000006a8       0x2c c:/program files (x86)/atmel/studio/7.0/toolchain/arm/arm-gnu-toolchain/bin/../lib/gcc/arm-none-eabi/6.3.1/thumb/v6-m\libgcc.a(_ffssi2.o)
 .ARM.attributes
                0x000006d4       0x2c c:/program files (x86)/atmel/studio/7.0/toolchain/arm/arm-gnu-toolchain/bin/../lib/gcc/arm-none-eabi/6.3.1/thumb/v6-m\libgcc.a(_fixunssfsi.o)
 .ARM.attributes
                0x00000700       0x2c c:/program files (x86)/atmel/studio/7.0/toolchain/arm/arm-gnu-toolchain/bin/../lib/gcc/arm-none-eabi/6.3.1/thumb/v6-m\libgcc.a(_fixunsdfsi.o)
 .ARM.attributes
                0x0000072c       0x2c c:/program files (x86)/atmel/studio/7.0/toolchain/arm/arm-gnu-toolchain/bin/../lib/gcc/arm-none-eabi/6.3.1/thumb/v6-m\libgcc.a(eqsf2.o)
 .ARM.attributes
                0x00000758       0x2c c:/program files (x86)/atmel/studio/7.0/toolchain/arm/arm-gnu-toolchain/bin/../lib/gcc/arm-none-eabi/6.3.1/thumb/v6-m\libgcc.a(gesf2.o)
 .ARM.attributes
                0x00000784       0x2c c:/program files (x86)/atmel/studio/7.0/toolchain/arm/arm-gnu-toolchain/bin/../lib/gcc/arm-none-eabi/6.3.1/thumb/v6-m\libgcc.a(lesf2.o)
 .ARM.attributes
                0x000007b0       0x2c c:/program files (x86)/atmel/studio/7.0/toolchain/arm/arm-gnu-toolchain/bin/../lib/gcc/arm-none-eabi/6.3.1/thumb/v6-m\libgcc.a(subsf3.o)
 .ARM.attributes
                0x000007dc       0x2c c:/program files (x86)/atmel/studio/7.0/toolchain/arm/arm-gnu-toolchain/bin/../lib/gcc/arm-none-eabi/6.3.1/thumb/v6-m\libgcc.a(fixsfsi.o)
 .ARM.attributes
                0x00000808       0x2c c:/program files (x86)/atmel/studio/7.0/toolchain/arm/arm-gnu-toolchain/bin/../lib/gcc/arm-none-eabi/6.3.1/thumb/v6-m\libgcc.a(divdf3.o)
 .ARM.attributes
                0x00000834       0x2c c:/program files (x86)/atmel/studio/7.0/toolchain/arm/arm-gnu-toolchain/bin/../lib/gcc/arm-none-eabi/6.3.1/thumb/v6-m\libgcc.a(muldf3.o)
 .ARM.attributes
                0x00000860       0x2c c:/program files (x86)/atmel/studio/7.0/toolchain/arm/arm-gnu-toolchain/bin/../lib/gcc/arm-none-eabi/6.3.1/thumb/v6-m\libgcc.a(subdf3.o)
 .ARM.attributes
                0x0000088c       0x2c c:/program files (x86)/atmel/studio/7.0/toolchain/arm/arm-gnu-toolchain/bin/../lib/gcc/arm-none-eabi/6.3.1/thumb/v6-m\libgcc.a(fixdfsi.o)
 .ARM.attributes
                0x000008b8       0x2c c:/program files (x86)/atmel/studio/7.0/toolchain/arm/arm-gnu-toolchain/bin/../lib/gcc/arm-none-eabi/6.3.1/thumb/v6-m\libgcc.a(floatunsidf.o)
 .ARM.attributes
                0x000008e4       0x2c c:/program files (x86)/atmel/studio/7.0/toolchain/arm/arm-gnu-toolchain/bin/../lib/gcc/arm-none-eabi/6.3.1/thumb/v6-m\libgcc.a(extendsfdf2.o)
 .ARM.attributes
                0x00000910       0x1e c:/program files (x86)/atmel/studio/7.0/toolchain/arm/arm-gnu-toolchain/bin/../lib/gcc/arm-none-eabi/6.3.1/thumb/v6-m\libgcc.a(_arm_cmpdf2.o)
 .ARM.attributes
                0x0000092e       0x1e c:/program files (x86)/atmel/studio/7.0/toolchain/arm/arm-gnu-toolchain/bin/../lib/gcc/arm-none-eabi/6.3.1/thumb/v6-m\libgcc.a(_clzsi2.o)
 .ARM.attributes
                0x0000094c       0x1e c:/program files (x86)/atmel/studio/7.0/toolchain/arm/arm-gnu-toolchain/bin/../lib/gcc/arm-none-eabi/6.3.1/thumb/v6-m\libgcc.a(_ctzsi2.o)
 .ARM.attributes
                0x0000096a       0x2c c:/program files (x86)/atmel/studio/7.0/toolchain/arm/arm-gnu-toolchain/bin/../lib/gcc/arm-none-eabi/6.3.1/thumb/v6-m\libgcc.a(eqdf2.o)
 .ARM.attributes
                0x00000996       0x2c c:/program files (x86)/atmel/studio/7.0/toolchain/arm/arm-gnu-toolchain/bin/../lib/gcc/arm-none-eabi/6.3.1/thumb/v6-m\libgcc.a(gedf2.o)
 .ARM.attributes
                0x000009c2       0x2c c:/program files (x86)/atmel/studio/7.0/toolchain/arm/arm-gnu-toolchain/bin/../lib/gcc/arm-none-eabi/6.3.1/thumb/v6-m\libgcc.a(ledf2.o)
 .ARM.attributes
                0x000009ee       0x2c c:/program files (x86)/atmel/studio/7.0/toolchain/arm/arm-gnu-toolchain/bin/../lib/gcc/arm-none-eabi/6.3.1/../../../../arm-none-eabi/lib/thumb/v6-m\libc.a(lib_a-impure.o)
 .ARM.attributes
                0x00000a1a       0x2c c:/program files (x86)/atmel/studio/7.0/toolchain/arm/arm-gnu-toolchain/bin/../lib/gcc/arm-none-eabi/6.3.1/../../../../arm-none-eabi/lib/thumb/v6-m\libc.a(lib_a-init.o)
 .ARM.attributes
                0x00000a46       0x2c c:/program files (x86)/atmel/studio/7.0/toolchain/arm/arm-gnu-toolchain/bin/../lib/gcc/arm-none-eabi/6.3.1/../../../../arm-none-eabi/lib/thumb/v6-m\libc.a(lib_a-malloc.o)
 .ARM.attributes
                0x00000a72       0x2c c:/program files (x86)/atmel/studio/7.0/toolchain/arm/arm-gnu-toolchain/bin/../lib/gcc/arm-none-eabi/6.3.1/../../../../arm-none-eabi/lib/thumb/v6-m\libc.a(lib_a-mallocr.o)
 .ARM.attributes
                0x00000a9e       0x2c c:/program files (x86)/atmel/studio/7.0/toolchain/arm/arm-gnu-toolchain/bin/../lib/gcc/arm-none-eabi/6.3.1/../../../../arm-none-eabi/lib/thumb/v6-m\libc.a(lib_a-memcpy-stub.o)
 .ARM.attributes
                0x00000aca       0x2c c:/program files (x86)/atmel/studio/7.0/toolchain/arm/arm-gnu-toolchain/bin/../lib/gcc/arm-none-eabi/6.3.1/../../../../arm-none-eabi/lib/thumb/v6-m\libc.a(lib_a-mlock.o)
 .ARM.attributes
                0x00000af6       0x2c c:/program files (x86)/atmel/studio/7.0/toolchain/arm/arm-gnu-toolchain/bin/../lib/gcc/arm-none-eabi/6.3.1/../../../../arm-none-eabi/lib/thumb/v6-m\libc.a(lib_a-sbrkr.o)
 .ARM.attributes
                0x00000b22       0x2c c:/program files (x86)/atmel/studio/7.0/toolchain/arm/arm-gnu-toolchain/bin/../lib/gcc/arm-none-eabi/6.3.1/../../../../arm-none-eabi/lib/thumb/v6-m\libc.a(lib_a-__call_atexit.o)
 .ARM.attributes
                0x00000b4e       0x2c c:/program files (x86)/atmel/studio/7.0/toolchain/arm/arm-gnu-toolchain/bin/../lib/gcc/arm-none-eabi/6.3.1/../../../../arm-none-eabi/lib/thumb/v6-m\libc.a(lib_a-atexit.o)
 .ARM.attributes
                0x00000b7a       0x2c c:/program files (x86)/atmel/studio/7.0/toolchain/arm/arm-gnu-toolchain/bin/../lib/gcc/arm-none-eabi/6.3.1/../../../../arm-none-eabi/lib/thumb/v6-m\libc.a(lib_a-fini.o)
 .ARM.attributes
                0x00000ba6       0x2c c:/program files (x86)/atmel/studio/7.0/toolchain/arm/arm-gnu-toolchain/bin/../lib/gcc/arm-none-eabi/6.3.1/../../../../arm-none-eabi/lib/thumb/v6-m\libc.a(lib_a-freer.o)
 .ARM.attributes
                0x00000bd2       0x2c c:/program files (x86)/atmel/studio/7.0/toolchain/arm/arm-gnu-toolchain/bin/../lib/gcc/arm-none-eabi/6.3.1/../../../../arm-none-eabi/lib/thumb/v6-m\libc.a(lib_a-lock.o)
 .ARM.attributes
                0x00000bfe       0x2c c:/program files (x86)/atmel/studio/7.0/toolchain/arm/arm-gnu-toolchain/bin/../lib/gcc/arm-none-eabi/6.3.1/../../../../arm-none-eabi/lib/thumb/v6-m\libc.a(lib_a-reent.o)
 .ARM.attributes
                0x00000c2a       0x2c c:/program files (x86)/atmel/studio/7.0/toolchain/arm/arm-gnu-toolchain/bin/../lib/gcc/arm-none-eabi/6.3.1/../../../../arm-none-eabi/lib/thumb/v6-m\libc.a(lib_a-__atexit.o)
 .ARM.attributes
                0x00000c56       0x1e c:/program files (x86)/atmel/studio/7.0/toolchain/arm/arm-gnu-toolchain/bin/../lib/gcc/arm-none-eabi/6.3.1/thumb/v6-m/crtn.o

.comment        0x00000000       0x59
 .comment       0x00000000       0x59 atmel_start.o
                                 0x5a (size before relaxing)
 .comment       0x00000059       0x5a data_structures/queue.o
 .comment       0x00000059       0x5a Device_Startup/startup_samc21.o
 .comment       0x00000059       0x5a driver_init.o
 .comment       0x00000059       0x5a hal/src/hal_atomic.o
 .comment       0x00000059       0x5a hal/src/hal_delay.o
 .comment       0x00000059       0x5a hal/src/hal_ext_irq.o
 .comment       0x00000059       0x5a hal/src/hal_i2c_m_sync.o
 .comment       0x00000059       0x5a hal/src/hal_timer.o
 .comment       0x00000059       0x5a hal/src/hal_usart_sync.o
 .comment       0x00000059       0x5a hal/utils/src/utils_assert.o
 .comment       0x00000059       0x5a hal/utils/src/utils_list.o
 .comment       0x00000059       0x5a hal/utils/src/utils_syscalls.o
 .comment       0x00000059       0x5a hpl/core/hpl_core_m0plus_base.o
 .comment       0x00000059       0x5a hpl/core/hpl_init.o
 .comment       0x00000059       0x5a hpl/divas/hpl_divas.o
 .comment       0x00000059       0x5a hpl/eic/hpl_eic.o
 .comment       0x00000059       0x5a hpl/gclk/hpl_gclk.o
 .comment       0x00000059       0x5a hpl/mclk/hpl_mclk.o
 .comment       0x00000059       0x5a hpl/osc32kctrl/hpl_osc32kctrl.o
 .comment       0x00000059       0x5a hpl/oscctrl/hpl_oscctrl.o
 .comment       0x00000059       0x5a hpl/sercom/hpl_sercom.o
 .comment       0x00000059       0x5a hpl/systick/hpl_systick.o
 .comment       0x00000059       0x5a hpl/tc/hpl_tc.o
 .comment       0x00000059       0x5a main.o
 .comment       0x00000059       0x5a _src/source/band.o
 .comment       0x00000059       0x5a _src/source/i2c.o
 .comment       0x00000059       0x5a _src/source/interrupts.o
 .comment       0x00000059       0x5a _src/source/messages.o
 .comment       0x00000059       0x5a _src/source/modes.o
 .comment       0x00000059       0x5a _src/source/motor.o
 .comment       0x00000059       0x5a _src/source/timers.o

.debug_info     0x00000000    0x2fafc
 .debug_info    0x00000000      0x45d atmel_start.o
 .debug_info    0x0000045d      0xd08 data_structures/queue.o
 .debug_info    0x00001165      0x523 Device_Startup/startup_samc21.o
 .debug_info    0x00001688     0x6b9c driver_init.o
 .debug_info    0x00008224      0x1d1 hal/src/hal_atomic.o
 .debug_info    0x000083f5      0x1dc hal/src/hal_delay.o
 .debug_info    0x000085d1      0x36f hal/src/hal_ext_irq.o
 .debug_info    0x00008940      0x878 hal/src/hal_i2c_m_sync.o
 .debug_info    0x000091b8      0xbb7 hal/src/hal_timer.o
 .debug_info    0x00009d6f      0xc56 hal/src/hal_usart_sync.o
 .debug_info    0x0000a9c5      0x107 hal/utils/src/utils_assert.o
 .debug_info    0x0000aacc      0x310 hal/utils/src/utils_list.o
 .debug_info    0x0000addc      0xdca hal/utils/src/utils_syscalls.o
 .debug_info    0x0000bba6      0x824 hpl/core/hpl_core_m0plus_base.o
 .debug_info    0x0000c3ca      0x75c hpl/core/hpl_init.o
 .debug_info    0x0000cb26      0x854 hpl/divas/hpl_divas.o
 .debug_info    0x0000d37a     0x1ced hpl/eic/hpl_eic.o
 .debug_info    0x0000f067      0x517 hpl/gclk/hpl_gclk.o
 .debug_info    0x0000f57e      0x88b hpl/mclk/hpl_mclk.o
 .debug_info    0x0000fe09      0x76d hpl/osc32kctrl/hpl_osc32kctrl.o
 .debug_info    0x00010576      0xd51 hpl/oscctrl/hpl_oscctrl.o
 .debug_info    0x000112c7     0xa954 hpl/sercom/hpl_sercom.o
 .debug_info    0x0001bc1b      0x276 hpl/systick/hpl_systick.o
 .debug_info    0x0001be91     0x27f4 hpl/tc/hpl_tc.o
 .debug_info    0x0001e685     0x2930 main.o
 .debug_info    0x00020fb5     0x1766 _src/source/band.o
 .debug_info    0x0002271b      0x7be _src/source/i2c.o
 .debug_info    0x00022ed9     0x1d82 _src/source/interrupts.o
 .debug_info    0x00024c5b     0x26ee _src/source/messages.o
 .debug_info    0x00027349     0x41b9 _src/source/modes.o
 .debug_info    0x0002b502     0x12ee _src/source/motor.o
 .debug_info    0x0002c7f0     0x330c _src/source/timers.o

.debug_abbrev   0x00000000     0x4e74
 .debug_abbrev  0x00000000       0xfb atmel_start.o
 .debug_abbrev  0x000000fb      0x29b data_structures/queue.o
 .debug_abbrev  0x00000396      0x14f Device_Startup/startup_samc21.o
 .debug_abbrev  0x000004e5      0x37d driver_init.o
 .debug_abbrev  0x00000862      0x144 hal/src/hal_atomic.o
 .debug_abbrev  0x000009a6       0xe1 hal/src/hal_delay.o
 .debug_abbrev  0x00000a87      0x168 hal/src/hal_ext_irq.o
 .debug_abbrev  0x00000bef      0x1a6 hal/src/hal_i2c_m_sync.o
 .debug_abbrev  0x00000d95      0x221 hal/src/hal_timer.o
 .debug_abbrev  0x00000fb6      0x217 hal/src/hal_usart_sync.o
 .debug_abbrev  0x000011cd       0x86 hal/utils/src/utils_assert.o
 .debug_abbrev  0x00001253      0x159 hal/utils/src/utils_list.o
 .debug_abbrev  0x000013ac      0x269 hal/utils/src/utils_syscalls.o
 .debug_abbrev  0x00001615      0x29d hpl/core/hpl_core_m0plus_base.o
 .debug_abbrev  0x000018b2      0x1ce hpl/core/hpl_init.o
 .debug_abbrev  0x00001a80      0x232 hpl/divas/hpl_divas.o
 .debug_abbrev  0x00001cb2      0x41a hpl/eic/hpl_eic.o
 .debug_abbrev  0x000020cc      0x154 hpl/gclk/hpl_gclk.o
 .debug_abbrev  0x00002220      0x1ac hpl/mclk/hpl_mclk.o
 .debug_abbrev  0x000023cc      0x1eb hpl/osc32kctrl/hpl_osc32kctrl.o
 .debug_abbrev  0x000025b7      0x1ed hpl/oscctrl/hpl_oscctrl.o
 .debug_abbrev  0x000027a4      0x5a0 hpl/sercom/hpl_sercom.o
 .debug_abbrev  0x00002d44      0x185 hpl/systick/hpl_systick.o
 .debug_abbrev  0x00002ec9      0x4d8 hpl/tc/hpl_tc.o
 .debug_abbrev  0x000033a1      0x388 main.o
 .debug_abbrev  0x00003729      0x35c _src/source/band.o
 .debug_abbrev  0x00003a85      0x174 _src/source/i2c.o
 .debug_abbrev  0x00003bf9      0x399 _src/source/interrupts.o
 .debug_abbrev  0x00003f92      0x33a _src/source/messages.o
 .debug_abbrev  0x000042cc      0x462 _src/source/modes.o
 .debug_abbrev  0x0000472e      0x2fd _src/source/motor.o
 .debug_abbrev  0x00004a2b      0x449 _src/source/timers.o

.debug_loc      0x00000000     0xe0df
 .debug_loc     0x00000000       0x20 atmel_start.o
 .debug_loc     0x00000020      0x401 data_structures/queue.o
 .debug_loc     0x00000421       0x40 Device_Startup/startup_samc21.o
 .debug_loc     0x00000461     0x1ac5 driver_init.o
 .debug_loc     0x00001f26       0x13 hal/src/hal_atomic.o
 .debug_loc     0x00001f39       0xc3 hal/src/hal_delay.o
 .debug_loc     0x00001ffc      0x39d hal/src/hal_ext_irq.o
 .debug_loc     0x00002399      0x6df hal/src/hal_i2c_m_sync.o
 .debug_loc     0x00002a78      0x761 hal/src/hal_timer.o
 .debug_loc     0x000031d9      0x9b2 hal/src/hal_usart_sync.o
 .debug_loc     0x00003b8b      0x271 hal/utils/src/utils_list.o
 .debug_loc     0x00003dfc      0x13b hal/utils/src/utils_syscalls.o
 .debug_loc     0x00003f37      0x1d7 hpl/core/hpl_core_m0plus_base.o
 .debug_loc     0x0000410e       0x4c hpl/core/hpl_init.o
 .debug_loc     0x0000415a      0x2a5 hpl/divas/hpl_divas.o
 .debug_loc     0x000043ff      0x50c hpl/eic/hpl_eic.o
 .debug_loc     0x0000490b       0x88 hpl/gclk/hpl_gclk.o
 .debug_loc     0x00004993       0x2c hpl/mclk/hpl_mclk.o
 .debug_loc     0x000049bf       0x94 hpl/osc32kctrl/hpl_osc32kctrl.o
 .debug_loc     0x00004a53       0x5c hpl/oscctrl/hpl_oscctrl.o
 .debug_loc     0x00004aaf     0x6e03 hpl/sercom/hpl_sercom.o
 .debug_loc     0x0000b8b2      0x10e hpl/systick/hpl_systick.o
 .debug_loc     0x0000b9c0      0xa63 hpl/tc/hpl_tc.o
 .debug_loc     0x0000c423       0xa8 main.o
 .debug_loc     0x0000c4cb      0x22d _src/source/band.o
 .debug_loc     0x0000c6f8      0x3be _src/source/i2c.o
 .debug_loc     0x0000cab6      0x18c _src/source/interrupts.o
 .debug_loc     0x0000cc42       0x8e _src/source/messages.o
 .debug_loc     0x0000ccd0      0xc05 _src/source/modes.o
 .debug_loc     0x0000d8d5      0x1ba _src/source/motor.o
 .debug_loc     0x0000da8f      0x650 _src/source/timers.o

.debug_aranges  0x00000000      0xdf0
 .debug_aranges
                0x00000000       0x20 atmel_start.o
 .debug_aranges
                0x00000020       0x58 data_structures/queue.o
 .debug_aranges
                0x00000078       0x28 Device_Startup/startup_samc21.o
 .debug_aranges
                0x000000a0       0x60 driver_init.o
 .debug_aranges
                0x00000100       0x30 hal/src/hal_atomic.o
 .debug_aranges
                0x00000130       0x38 hal/src/hal_delay.o
 .debug_aranges
                0x00000168       0x50 hal/src/hal_ext_irq.o
 .debug_aranges
                0x000001b8       0x88 hal/src/hal_i2c_m_sync.o
 .debug_aranges
                0x00000240       0x70 hal/src/hal_timer.o
 .debug_aranges
                0x000002b0       0xa8 hal/src/hal_usart_sync.o
 .debug_aranges
                0x00000358       0x20 hal/utils/src/utils_assert.o
 .debug_aranges
                0x00000378       0x48 hal/utils/src/utils_list.o
 .debug_aranges
                0x000003c0       0x60 hal/utils/src/utils_syscalls.o
 .debug_aranges
                0x00000420       0x70 hpl/core/hpl_core_m0plus_base.o
 .debug_aranges
                0x00000490       0x20 hpl/core/hpl_init.o
 .debug_aranges
                0x000004b0       0x40 hpl/divas/hpl_divas.o
 .debug_aranges
                0x000004f0       0x38 hpl/eic/hpl_eic.o
 .debug_aranges
                0x00000528       0x28 hpl/gclk/hpl_gclk.o
 .debug_aranges
                0x00000550       0x20 hpl/mclk/hpl_mclk.o
 .debug_aranges
                0x00000570       0x20 hpl/osc32kctrl/hpl_osc32kctrl.o
 .debug_aranges
                0x00000590       0x28 hpl/oscctrl/hpl_oscctrl.o
 .debug_aranges
                0x000005b8      0x4c8 hpl/sercom/hpl_sercom.o
 .debug_aranges
                0x00000a80       0x48 hpl/systick/hpl_systick.o
 .debug_aranges
                0x00000ac8       0x98 hpl/tc/hpl_tc.o
 .debug_aranges
                0x00000b60       0x28 main.o
 .debug_aranges
                0x00000b88       0x58 _src/source/band.o
 .debug_aranges
                0x00000be0       0x50 _src/source/i2c.o
 .debug_aranges
                0x00000c30       0x30 _src/source/interrupts.o
 .debug_aranges
                0x00000c60       0x28 _src/source/messages.o
 .debug_aranges
                0x00000c88       0xd8 _src/source/modes.o
 .debug_aranges
                0x00000d60       0x38 _src/source/motor.o
 .debug_aranges
                0x00000d98       0x58 _src/source/timers.o

.debug_ranges   0x00000000     0x11d8
 .debug_ranges  0x00000000       0x10 atmel_start.o
 .debug_ranges  0x00000010       0x48 data_structures/queue.o
 .debug_ranges  0x00000058       0x18 Device_Startup/startup_samc21.o
 .debug_ranges  0x00000070       0x50 driver_init.o
 .debug_ranges  0x000000c0       0x20 hal/src/hal_atomic.o
 .debug_ranges  0x000000e0       0x28 hal/src/hal_delay.o
 .debug_ranges  0x00000108       0x60 hal/src/hal_ext_irq.o
 .debug_ranges  0x00000168       0x78 hal/src/hal_i2c_m_sync.o
 .debug_ranges  0x000001e0       0xa8 hal/src/hal_timer.o
 .debug_ranges  0x00000288       0x98 hal/src/hal_usart_sync.o
 .debug_ranges  0x00000320       0x10 hal/utils/src/utils_assert.o
 .debug_ranges  0x00000330       0x58 hal/utils/src/utils_list.o
 .debug_ranges  0x00000388       0x50 hal/utils/src/utils_syscalls.o
 .debug_ranges  0x000003d8       0x60 hpl/core/hpl_core_m0plus_base.o
 .debug_ranges  0x00000438       0x10 hpl/core/hpl_init.o
 .debug_ranges  0x00000448       0x30 hpl/divas/hpl_divas.o
 .debug_ranges  0x00000478       0x48 hpl/eic/hpl_eic.o
 .debug_ranges  0x000004c0       0x18 hpl/gclk/hpl_gclk.o
 .debug_ranges  0x000004d8       0x10 hpl/mclk/hpl_mclk.o
 .debug_ranges  0x000004e8       0x10 hpl/osc32kctrl/hpl_osc32kctrl.o
 .debug_ranges  0x000004f8       0x48 hpl/oscctrl/hpl_oscctrl.o
 .debug_ranges  0x00000540      0x920 hpl/sercom/hpl_sercom.o
 .debug_ranges  0x00000e60       0x38 hpl/systick/hpl_systick.o
 .debug_ranges  0x00000e98       0xd0 hpl/tc/hpl_tc.o
 .debug_ranges  0x00000f68       0x18 main.o
 .debug_ranges  0x00000f80       0x78 _src/source/band.o
 .debug_ranges  0x00000ff8       0x40 _src/source/i2c.o
 .debug_ranges  0x00001038       0x20 _src/source/interrupts.o
 .debug_ranges  0x00001058       0x18 _src/source/messages.o
 .debug_ranges  0x00001070       0xc8 _src/source/modes.o
 .debug_ranges  0x00001138       0x40 _src/source/motor.o
 .debug_ranges  0x00001178       0x60 _src/source/timers.o

.debug_macro    0x00000000    0x251ad
 .debug_macro   0x00000000      0x699 atmel_start.o
 .debug_macro   0x00000699      0x89e atmel_start.o
 .debug_macro   0x00000f37      0x16d atmel_start.o
 .debug_macro   0x000010a4       0x22 atmel_start.o
 .debug_macro   0x000010c6       0x87 atmel_start.o
 .debug_macro   0x0000114d       0x51 atmel_start.o
 .debug_macro   0x0000119e       0xef atmel_start.o
 .debug_macro   0x0000128d       0x6a atmel_start.o
 .debug_macro   0x000012f7      0x1df atmel_start.o
 .debug_macro   0x000014d6       0x22 atmel_start.o
 .debug_macro   0x000014f8       0x8c atmel_start.o
 .debug_macro   0x00001584       0x28 atmel_start.o
 .debug_macro   0x000015ac       0x85 atmel_start.o
 .debug_macro   0x00001631      0x49b atmel_start.o
 .debug_macro   0x00001acc      0x896 atmel_start.o
 .debug_macro   0x00002362      0x8cd atmel_start.o
 .debug_macro   0x00002c2f     0x2d61 atmel_start.o
 .debug_macro   0x00005990      0x239 atmel_start.o
 .debug_macro   0x00005bc9      0x281 atmel_start.o
 .debug_macro   0x00005e4a      0x130 atmel_start.o
 .debug_macro   0x00005f7a      0xc36 atmel_start.o
 .debug_macro   0x00006bb0      0x5f5 atmel_start.o
 .debug_macro   0x000071a5      0x67b atmel_start.o
 .debug_macro   0x00007820      0x823 atmel_start.o
 .debug_macro   0x00008043      0x17e atmel_start.o
 .debug_macro   0x000081c1      0x2f7 atmel_start.o
 .debug_macro   0x000084b8      0x55f atmel_start.o
 .debug_macro   0x00008a17      0x497 atmel_start.o
 .debug_macro   0x00008eae      0x21c atmel_start.o
 .debug_macro   0x000090ca      0x72d atmel_start.o
 .debug_macro   0x000097f7      0x5ab atmel_start.o
 .debug_macro   0x00009da2      0x334 atmel_start.o
 .debug_macro   0x0000a0d6      0x76d atmel_start.o
 .debug_macro   0x0000a843       0xdc atmel_start.o
 .debug_macro   0x0000a91f      0x33f atmel_start.o
 .debug_macro   0x0000ac5e       0x6a atmel_start.o
 .debug_macro   0x0000acc8     0x124a atmel_start.o
 .debug_macro   0x0000bf12      0x5a4 atmel_start.o
 .debug_macro   0x0000c4b6      0xfc3 atmel_start.o
 .debug_macro   0x0000d479      0x622 atmel_start.o
 .debug_macro   0x0000da9b      0x84c atmel_start.o
 .debug_macro   0x0000e2e7      0x92f atmel_start.o
 .debug_macro   0x0000ec16     0x19bd atmel_start.o
 .debug_macro   0x000105d3      0x39c atmel_start.o
 .debug_macro   0x0001096f      0x369 atmel_start.o
 .debug_macro   0x00010cd8       0x94 atmel_start.o
 .debug_macro   0x00010d6c       0xac atmel_start.o
 .debug_macro   0x00010e18       0xac atmel_start.o
 .debug_macro   0x00010ec4      0x148 atmel_start.o
 .debug_macro   0x0001100c      0x148 atmel_start.o
 .debug_macro   0x00011154       0x46 atmel_start.o
 .debug_macro   0x0001119a       0x58 atmel_start.o
 .debug_macro   0x000111f2       0x3a atmel_start.o
 .debug_macro   0x0001122c       0xd0 atmel_start.o
 .debug_macro   0x000112fc       0xb2 atmel_start.o
 .debug_macro   0x000113ae       0x7c atmel_start.o
 .debug_macro   0x0001142a      0x650 atmel_start.o
 .debug_macro   0x00011a7a       0x46 atmel_start.o
 .debug_macro   0x00011ac0      0x1e5 atmel_start.o
 .debug_macro   0x00011ca5      0x183 atmel_start.o
 .debug_macro   0x00011e28       0x58 atmel_start.o
 .debug_macro   0x00011e80       0xa0 atmel_start.o
 .debug_macro   0x00011f20       0xd6 atmel_start.o
 .debug_macro   0x00011ff6       0x94 atmel_start.o
 .debug_macro   0x0001208a       0x4c atmel_start.o
 .debug_macro   0x000120d6       0x70 atmel_start.o
 .debug_macro   0x00012146       0x22 atmel_start.o
 .debug_macro   0x00012168      0x1d9 atmel_start.o
 .debug_macro   0x00012341       0x16 atmel_start.o
 .debug_macro   0x00012357       0xd6 atmel_start.o
 .debug_macro   0x0001242d       0xa0 atmel_start.o
 .debug_macro   0x000124cd      0x132 atmel_start.o
 .debug_macro   0x000125ff      0x132 atmel_start.o
 .debug_macro   0x00012731      0x132 atmel_start.o
 .debug_macro   0x00012863      0x132 atmel_start.o
 .debug_macro   0x00012995      0x132 atmel_start.o
 .debug_macro   0x00012ac7      0x132 atmel_start.o
 .debug_macro   0x00012bf9      0x132 atmel_start.o
 .debug_macro   0x00012d2b      0x132 atmel_start.o
 .debug_macro   0x00012e5d       0x52 atmel_start.o
 .debug_macro   0x00012eaf      0x187 atmel_start.o
 .debug_macro   0x00013036       0xfa atmel_start.o
 .debug_macro   0x00013130       0xfa atmel_start.o
 .debug_macro   0x0001322a       0xfa atmel_start.o
 .debug_macro   0x00013324       0xfa atmel_start.o
 .debug_macro   0x0001341e       0xfa atmel_start.o
 .debug_macro   0x00013518       0xfa atmel_start.o
 .debug_macro   0x00013612       0xfa atmel_start.o
 .debug_macro   0x0001370c       0xfa atmel_start.o
 .debug_macro   0x00013806      0x124 atmel_start.o
 .debug_macro   0x0001392a       0xfa atmel_start.o
 .debug_macro   0x00013a24       0xee atmel_start.o
 .debug_macro   0x00013b12       0x76 atmel_start.o
 .debug_macro   0x00013b88       0x3a atmel_start.o
 .debug_macro   0x00013bc2      0x4f7 atmel_start.o
 .debug_macro   0x000140b9     0x3397 atmel_start.o
 .debug_macro   0x00017450       0x89 atmel_start.o
 .debug_macro   0x000174d9       0x10 atmel_start.o
 .debug_macro   0x000174e9       0x10 atmel_start.o
 .debug_macro   0x000174f9       0x16 atmel_start.o
 .debug_macro   0x0001750f       0x16 atmel_start.o
 .debug_macro   0x00017525       0x16 atmel_start.o
 .debug_macro   0x0001753b       0x16 atmel_start.o
 .debug_macro   0x00017551       0x16 atmel_start.o
 .debug_macro   0x00017567       0x16 atmel_start.o
 .debug_macro   0x0001757d       0x16 atmel_start.o
 .debug_macro   0x00017593       0x16 atmel_start.o
 .debug_macro   0x000175a9       0x16 atmel_start.o
 .debug_macro   0x000175bf       0x16 atmel_start.o
 .debug_macro   0x000175d5       0x16 atmel_start.o
 .debug_macro   0x000175eb       0x16 atmel_start.o
 .debug_macro   0x00017601       0x16 atmel_start.o
 .debug_macro   0x00017617       0x16 atmel_start.o
 .debug_macro   0x0001762d       0x16 atmel_start.o
 .debug_macro   0x00017643       0x16 atmel_start.o
 .debug_macro   0x00017659       0x16 atmel_start.o
 .debug_macro   0x0001766f       0x16 atmel_start.o
 .debug_macro   0x00017685       0x16 atmel_start.o
 .debug_macro   0x0001769b       0x16 atmel_start.o
 .debug_macro   0x000176b1       0x16 atmel_start.o
 .debug_macro   0x000176c7       0x16 atmel_start.o
 .debug_macro   0x000176dd       0x16 atmel_start.o
 .debug_macro   0x000176f3       0x16 atmel_start.o
 .debug_macro   0x00017709       0x16 atmel_start.o
 .debug_macro   0x0001771f       0x16 atmel_start.o
 .debug_macro   0x00017735       0x16 atmel_start.o
 .debug_macro   0x0001774b       0x16 atmel_start.o
 .debug_macro   0x00017761       0x16 atmel_start.o
 .debug_macro   0x00017777       0xca atmel_start.o
 .debug_macro   0x00017841       0x1c atmel_start.o
 .debug_macro   0x0001785d       0x16 atmel_start.o
 .debug_macro   0x00017873       0x9a atmel_start.o
 .debug_macro   0x0001790d       0x70 atmel_start.o
 .debug_macro   0x0001797d      0x131 data_structures/queue.o
 .debug_macro   0x00017aae      0x3dd Device_Startup/startup_samc21.o
 .debug_macro   0x00017e8b       0x86 Device_Startup/startup_samc21.o
 .debug_macro   0x00017f11      0x6a1 driver_init.o
 .debug_macro   0x000185b2       0x88 driver_init.o
 .debug_macro   0x0001863a       0xc9 driver_init.o
 .debug_macro   0x00018703      0x55c hal/src/hal_atomic.o
 .debug_macro   0x00018c5f      0x593 hal/src/hal_delay.o
 .debug_macro   0x000191f2      0x578 hal/src/hal_ext_irq.o
 .debug_macro   0x0001976a      0x59c hal/src/hal_i2c_m_sync.o
 .debug_macro   0x00019d06       0x6a hal/src/hal_i2c_m_sync.o
 .debug_macro   0x00019d70      0x5a8 hal/src/hal_timer.o
 .debug_macro   0x0001a318      0x59c hal/src/hal_usart_sync.o
 .debug_macro   0x0001a8b4      0x566 hal/utils/src/utils_assert.o
 .debug_macro   0x0001ae1a       0x10 hal/utils/src/utils_assert.o
 .debug_macro   0x0001ae2a      0x56b hal/utils/src/utils_list.o
 .debug_macro   0x0001b395      0x1d6 hal/utils/src/utils_syscalls.o
 .debug_macro   0x0001b56b       0x16 hal/utils/src/utils_syscalls.o
 .debug_macro   0x0001b581       0x97 hal/utils/src/utils_syscalls.o
 .debug_macro   0x0001b618       0xf6 hal/utils/src/utils_syscalls.o
 .debug_macro   0x0001b70e       0x10 hal/utils/src/utils_syscalls.o
 .debug_macro   0x0001b71e       0x10 hal/utils/src/utils_syscalls.o
 .debug_macro   0x0001b72e       0x1c hal/utils/src/utils_syscalls.o
 .debug_macro   0x0001b74a       0x52 hal/utils/src/utils_syscalls.o
 .debug_macro   0x0001b79c       0x40 hal/utils/src/utils_syscalls.o
 .debug_macro   0x0001b7dc       0x10 hal/utils/src/utils_syscalls.o
 .debug_macro   0x0001b7ec       0x40 hal/utils/src/utils_syscalls.o
 .debug_macro   0x0001b82c       0xd7 hal/utils/src/utils_syscalls.o
 .debug_macro   0x0001b903       0x16 hal/utils/src/utils_syscalls.o
 .debug_macro   0x0001b919      0x18b hal/utils/src/utils_syscalls.o
 .debug_macro   0x0001baa4       0x4c hal/utils/src/utils_syscalls.o
 .debug_macro   0x0001baf0       0x16 hal/utils/src/utils_syscalls.o
 .debug_macro   0x0001bb06       0x10 hal/utils/src/utils_syscalls.o
 .debug_macro   0x0001bb16       0x10 hal/utils/src/utils_syscalls.o
 .debug_macro   0x0001bb26       0x35 hal/utils/src/utils_syscalls.o
 .debug_macro   0x0001bb5b      0x122 hal/utils/src/utils_syscalls.o
 .debug_macro   0x0001bc7d      0x5bc hpl/core/hpl_core_m0plus_base.o
 .debug_macro   0x0001c239      0x5e1 hpl/core/hpl_init.o
 .debug_macro   0x0001c81a       0x1c hpl/core/hpl_init.o
 .debug_macro   0x0001c836      0x75b hpl/core/hpl_init.o
 .debug_macro   0x0001cf91      0x584 hpl/divas/hpl_divas.o
 .debug_macro   0x0001d515      0x651 hpl/eic/hpl_eic.o
 .debug_macro   0x0001db66      0x2e9 hpl/eic/hpl_eic.o
 .debug_macro   0x0001de4f      0x575 hpl/gclk/hpl_gclk.o
 .debug_macro   0x0001e3c4      0x1f4 hpl/gclk/hpl_gclk.o
 .debug_macro   0x0001e5b8      0x570 hpl/mclk/hpl_mclk.o
 .debug_macro   0x0001eb28      0x56b hpl/osc32kctrl/hpl_osc32kctrl.o
 .debug_macro   0x0001f093       0xb8 hpl/osc32kctrl/hpl_osc32kctrl.o
 .debug_macro   0x0001f14b      0x56b hpl/oscctrl/hpl_oscctrl.o
 .debug_macro   0x0001f6b6      0x130 hpl/oscctrl/hpl_oscctrl.o
 .debug_macro   0x0001f7e6      0x7b8 hpl/sercom/hpl_sercom.o
 .debug_macro   0x0001ff9e      0x123 hpl/sercom/hpl_sercom.o
 .debug_macro   0x000200c1       0x10 hpl/sercom/hpl_sercom.o
 .debug_macro   0x000200d1       0x1c hpl/sercom/hpl_sercom.o
 .debug_macro   0x000200ed       0x22 hpl/sercom/hpl_sercom.o
 .debug_macro   0x0002010f       0x10 hpl/sercom/hpl_sercom.o
 .debug_macro   0x0002011f      0x56b hpl/systick/hpl_systick.o
 .debug_macro   0x0002068a       0x10 hpl/systick/hpl_systick.o
 .debug_macro   0x0002069a      0x5d1 hpl/tc/hpl_tc.o
 .debug_macro   0x00020c6b       0x10 hpl/tc/hpl_tc.o
 .debug_macro   0x00020c7b      0x2e4 hpl/tc/hpl_tc.o
 .debug_macro   0x00020f5f      0x812 main.o
 .debug_macro   0x00021771       0x10 main.o
 .debug_macro   0x00021781       0x7c main.o
 .debug_macro   0x000217fd       0x10 main.o
 .debug_macro   0x0002180d       0x64 main.o
 .debug_macro   0x00021871       0x3a main.o
 .debug_macro   0x000218ab      0x12a main.o
 .debug_macro   0x000219d5       0x28 main.o
 .debug_macro   0x000219fd       0x46 main.o
 .debug_macro   0x00021a43      0x80e _src/source/band.o
 .debug_macro   0x00022251       0x5e _src/source/band.o
 .debug_macro   0x000222af       0x82 _src/source/band.o
 .debug_macro   0x00022331      0x6a8 _src/source/i2c.o
 .debug_macro   0x000229d9       0x10 _src/source/i2c.o
 .debug_macro   0x000229e9      0x7ea _src/source/interrupts.o
 .debug_macro   0x000231d3       0x22 _src/source/interrupts.o
 .debug_macro   0x000231f5      0x7d6 _src/source/messages.o
 .debug_macro   0x000239cb       0x34 _src/source/messages.o
 .debug_macro   0x000239ff      0x7e8 _src/source/modes.o
 .debug_macro   0x000241e7      0x797 _src/source/motor.o
 .debug_macro   0x0002497e       0x40 _src/source/motor.o
 .debug_macro   0x000249be      0x7ef _src/source/timers.o

.debug_line     0x00000000    0x19fbc
 .debug_line    0x00000000      0xc9c atmel_start.o
 .debug_line    0x00000c9c      0x3b1 data_structures/queue.o
 .debug_line    0x0000104d      0x7de Device_Startup/startup_samc21.o
 .debug_line    0x0000182b      0xf0d driver_init.o
 .debug_line    0x00002738      0xb1d hal/src/hal_atomic.o
 .debug_line    0x00003255      0xb49 hal/src/hal_delay.o
 .debug_line    0x00003d9e      0xb9b hal/src/hal_ext_irq.o
 .debug_line    0x00004939      0xc39 hal/src/hal_i2c_m_sync.o
 .debug_line    0x00005572      0xcc7 hal/src/hal_timer.o
 .debug_line    0x00006239      0xd0a hal/src/hal_usart_sync.o
 .debug_line    0x00006f43      0xae8 hal/utils/src/utils_assert.o
 .debug_line    0x00007a2b      0xb7c hal/utils/src/utils_list.o
 .debug_line    0x000085a7      0x40b hal/utils/src/utils_syscalls.o
 .debug_line    0x000089b2      0xc90 hpl/core/hpl_core_m0plus_base.o
 .debug_line    0x00009642      0xbbe hpl/core/hpl_init.o
 .debug_line    0x0000a200      0xbe8 hpl/divas/hpl_divas.o
 .debug_line    0x0000ade8      0xce2 hpl/eic/hpl_eic.o
 .debug_line    0x0000baca      0xb32 hpl/gclk/hpl_gclk.o
 .debug_line    0x0000c5fc      0xb10 hpl/mclk/hpl_mclk.o
 .debug_line    0x0000d10c      0xb25 hpl/osc32kctrl/hpl_osc32kctrl.o
 .debug_line    0x0000dc31      0xb60 hpl/oscctrl/hpl_oscctrl.o
 .debug_line    0x0000e791     0x287a hpl/sercom/hpl_sercom.o
 .debug_line    0x0001100b      0xb7c hpl/systick/hpl_systick.o
 .debug_line    0x00011b87      0xe6a hpl/tc/hpl_tc.o
 .debug_line    0x000129f1      0xe66 main.o
 .debug_line    0x00013857      0xf11 _src/source/band.o
 .debug_line    0x00014768      0xd29 _src/source/i2c.o
 .debug_line    0x00015491      0xe3c _src/source/interrupts.o
 .debug_line    0x000162cd      0xe33 _src/source/messages.o
 .debug_line    0x00017100     0x115b _src/source/modes.o
 .debug_line    0x0001825b      0xe10 _src/source/motor.o
 .debug_line    0x0001906b      0xf51 _src/source/timers.o

.debug_str      0x00000000    0xa3c99
 .debug_str     0x00000000    0x910ac atmel_start.o
                              0x91c45 (size before relaxing)
 .debug_str     0x000910ac     0x2e47 data_structures/queue.o
                               0x5acc (size before relaxing)
 .debug_str     0x00093ef3      0x3d5 Device_Startup/startup_samc21.o
                              0x905d8 (size before relaxing)
 .debug_str     0x000942c8     0x1aae driver_init.o
                              0x937e6 (size before relaxing)
 .debug_str     0x00095d76       0xb7 hal/src/hal_atomic.o
                              0x913fe (size before relaxing)
 .debug_str     0x00095e2d       0x9b hal/src/hal_delay.o
                              0x91468 (size before relaxing)
 .debug_str     0x00095ec8       0xcc hal/src/hal_ext_irq.o
                              0x914c3 (size before relaxing)
 .debug_str     0x00095f94      0x177 hal/src/hal_i2c_m_sync.o
                              0x91d01 (size before relaxing)
 .debug_str     0x0009610b      0x2cc hal/src/hal_timer.o
                              0x91d3d (size before relaxing)
 .debug_str     0x000963d7      0x4a7 hal/src/hal_usart_sync.o
                              0x91f4b (size before relaxing)
 .debug_str     0x0009687e       0x2a hal/utils/src/utils_assert.o
                              0x9140e (size before relaxing)
 .debug_str     0x000968a8       0x31 hal/utils/src/utils_list.o
                              0x914b8 (size before relaxing)
 .debug_str     0x000968d9     0x18dd hal/utils/src/utils_syscalls.o
                               0x7307 (size before relaxing)
 .debug_str     0x000981b6      0x34d hpl/core/hpl_core_m0plus_base.o
                              0x9207e (size before relaxing)
 .debug_str     0x00098503     0x1a7a hpl/core/hpl_init.o
                              0x93300 (size before relaxing)
 .debug_str     0x00099f7d      0x27b hpl/divas/hpl_divas.o
                              0x9167f (size before relaxing)
 .debug_str     0x0009a1f8     0x10dd hpl/eic/hpl_eic.o
                              0x959c7 (size before relaxing)
 .debug_str     0x0009b2d5      0x7ef hpl/gclk/hpl_gclk.o
                              0x91d17 (size before relaxing)
 .debug_str     0x0009bac4       0x47 hpl/mclk/hpl_mclk.o
                              0x919e5 (size before relaxing)
 .debug_str     0x0009bb0b      0x519 hpl/osc32kctrl/hpl_osc32kctrl.o
                              0x9191e (size before relaxing)
 .debug_str     0x0009c024      0x869 hpl/oscctrl/hpl_oscctrl.o
                              0x91ccc (size before relaxing)
 .debug_str     0x0009c88d     0x47e7 hpl/sercom/hpl_sercom.o
                              0x97523 (size before relaxing)
 .debug_str     0x000a1074       0xcd hpl/systick/hpl_systick.o
                              0x91456 (size before relaxing)
 .debug_str     0x000a1141     0x1246 hpl/tc/hpl_tc.o
                              0x9364e (size before relaxing)
 .debug_str     0x000a2387     0x1350 main.o
                              0x9620c (size before relaxing)
 .debug_str     0x000a36d7      0x187 _src/source/band.o
                              0x95d0f (size before relaxing)
 .debug_str     0x000a385e       0x68 _src/source/i2c.o
                              0x922eb (size before relaxing)
 .debug_str     0x000a38c6      0x158 _src/source/interrupts.o
                              0x9594b (size before relaxing)
 .debug_str     0x000a3a1e      0x148 _src/source/messages.o
                              0x95ba2 (size before relaxing)
 .debug_str     0x000a3b66       0x9a _src/source/modes.o
                              0x95e9f (size before relaxing)
 .debug_str     0x000a3c00       0x3e _src/source/motor.o
                              0x9511a (size before relaxing)
 .debug_str     0x000a3c3e       0x5b _src/source/timers.o
                              0x95f33 (size before relaxing)

.debug_frame    0x00000000     0x2930
 .debug_frame   0x00000000       0x28 atmel_start.o
 .debug_frame   0x00000028       0xfc data_structures/queue.o
 .debug_frame   0x00000124       0x38 Device_Startup/startup_samc21.o
 .debug_frame   0x0000015c      0x108 driver_init.o
 .debug_frame   0x00000264       0x40 hal/src/hal_atomic.o
 .debug_frame   0x000002a4       0x68 hal/src/hal_delay.o
 .debug_frame   0x0000030c       0xc0 hal/src/hal_ext_irq.o
 .debug_frame   0x000003cc      0x164 hal/src/hal_i2c_m_sync.o
 .debug_frame   0x00000530      0x14c hal/src/hal_timer.o
 .debug_frame   0x0000067c      0x200 hal/src/hal_usart_sync.o
 .debug_frame   0x0000087c       0x20 hal/utils/src/utils_assert.o
 .debug_frame   0x0000089c       0x88 hal/utils/src/utils_list.o
 .debug_frame   0x00000924       0xa8 hal/utils/src/utils_syscalls.o
 .debug_frame   0x000009cc       0xd4 hpl/core/hpl_core_m0plus_base.o
 .debug_frame   0x00000aa0       0x28 hpl/core/hpl_init.o
 .debug_frame   0x00000ac8       0x90 hpl/divas/hpl_divas.o
 .debug_frame   0x00000b58       0x68 hpl/eic/hpl_eic.o
 .debug_frame   0x00000bc0       0x30 hpl/gclk/hpl_gclk.o
 .debug_frame   0x00000bf0       0x20 hpl/mclk/hpl_mclk.o
 .debug_frame   0x00000c10       0x20 hpl/osc32kctrl/hpl_osc32kctrl.o
 .debug_frame   0x00000c30       0x30 hpl/oscctrl/hpl_oscctrl.o
 .debug_frame   0x00000c60      0xe10 hpl/sercom/hpl_sercom.o
 .debug_frame   0x00001a70       0x7c hpl/systick/hpl_systick.o
 .debug_frame   0x00001aec      0x164 hpl/tc/hpl_tc.o
 .debug_frame   0x00001c50       0x44 main.o
 .debug_frame   0x00001c94       0xd4 _src/source/band.o
 .debug_frame   0x00001d68       0xe0 _src/source/i2c.o
 .debug_frame   0x00001e48       0x5c _src/source/interrupts.o
 .debug_frame   0x00001ea4       0x48 _src/source/messages.o
 .debug_frame   0x00001eec      0x258 _src/source/modes.o
 .debug_frame   0x00002144       0x80 _src/source/motor.o
 .debug_frame   0x000021c4       0xc4 _src/source/timers.o
 .debug_frame   0x00002288       0x28 c:/program files (x86)/atmel/studio/7.0/toolchain/arm/arm-gnu-toolchain/bin/../lib/gcc/arm-none-eabi/6.3.1/thumb/v6-m\libgcc.a(_ffssi2.o)
 .debug_frame   0x000022b0       0x28 c:/program files (x86)/atmel/studio/7.0/toolchain/arm/arm-gnu-toolchain/bin/../lib/gcc/arm-none-eabi/6.3.1/thumb/v6-m\libgcc.a(_fixunssfsi.o)
 .debug_frame   0x000022d8       0x2c c:/program files (x86)/atmel/studio/7.0/toolchain/arm/arm-gnu-toolchain/bin/../lib/gcc/arm-none-eabi/6.3.1/thumb/v6-m\libgcc.a(_fixunsdfsi.o)
 .debug_frame   0x00002304       0x2c c:/program files (x86)/atmel/studio/7.0/toolchain/arm/arm-gnu-toolchain/bin/../lib/gcc/arm-none-eabi/6.3.1/thumb/v6-m\libgcc.a(eqsf2.o)
 .debug_frame   0x00002330       0x30 c:/program files (x86)/atmel/studio/7.0/toolchain/arm/arm-gnu-toolchain/bin/../lib/gcc/arm-none-eabi/6.3.1/thumb/v6-m\libgcc.a(gesf2.o)
 .debug_frame   0x00002360       0x30 c:/program files (x86)/atmel/studio/7.0/toolchain/arm/arm-gnu-toolchain/bin/../lib/gcc/arm-none-eabi/6.3.1/thumb/v6-m\libgcc.a(lesf2.o)
 .debug_frame   0x00002390       0x38 c:/program files (x86)/atmel/studio/7.0/toolchain/arm/arm-gnu-toolchain/bin/../lib/gcc/arm-none-eabi/6.3.1/thumb/v6-m\libgcc.a(subsf3.o)
 .debug_frame   0x000023c8       0x20 c:/program files (x86)/atmel/studio/7.0/toolchain/arm/arm-gnu-toolchain/bin/../lib/gcc/arm-none-eabi/6.3.1/thumb/v6-m\libgcc.a(fixsfsi.o)
 .debug_frame   0x000023e8       0x3c c:/program files (x86)/atmel/studio/7.0/toolchain/arm/arm-gnu-toolchain/bin/../lib/gcc/arm-none-eabi/6.3.1/thumb/v6-m\libgcc.a(divdf3.o)
 .debug_frame   0x00002424       0x3c c:/program files (x86)/atmel/studio/7.0/toolchain/arm/arm-gnu-toolchain/bin/../lib/gcc/arm-none-eabi/6.3.1/thumb/v6-m\libgcc.a(muldf3.o)
 .debug_frame   0x00002460       0x38 c:/program files (x86)/atmel/studio/7.0/toolchain/arm/arm-gnu-toolchain/bin/../lib/gcc/arm-none-eabi/6.3.1/thumb/v6-m\libgcc.a(subdf3.o)
 .debug_frame   0x00002498       0x2c c:/program files (x86)/atmel/studio/7.0/toolchain/arm/arm-gnu-toolchain/bin/../lib/gcc/arm-none-eabi/6.3.1/thumb/v6-m\libgcc.a(fixdfsi.o)
 .debug_frame   0x000024c4       0x28 c:/program files (x86)/atmel/studio/7.0/toolchain/arm/arm-gnu-toolchain/bin/../lib/gcc/arm-none-eabi/6.3.1/thumb/v6-m\libgcc.a(floatunsidf.o)
 .debug_frame   0x000024ec       0x2c c:/program files (x86)/atmel/studio/7.0/toolchain/arm/arm-gnu-toolchain/bin/../lib/gcc/arm-none-eabi/6.3.1/thumb/v6-m\libgcc.a(extendsfdf2.o)